Archive member included because of file (symbol)

c:/freescale/kds_3.0.0/toolchain/bin/../lib/gcc/arm-none-eabi/4.8.4/../../../../arm-none-eabi/lib/armv7e-m/fpu\libg_s.a(lib_a-exit.o)
                              c:/freescale/kds_3.0.0/toolchain/bin/../lib/gcc/arm-none-eabi/4.8.4/../../../../arm-none-eabi/lib/armv7e-m/fpu/crt0.o (exit)
c:/freescale/kds_3.0.0/toolchain/bin/../lib/gcc/arm-none-eabi/4.8.4/../../../../arm-none-eabi/lib/armv7e-m/fpu\libg_s.a(lib_a-impure.o)
                              c:/freescale/kds_3.0.0/toolchain/bin/../lib/gcc/arm-none-eabi/4.8.4/../../../../arm-none-eabi/lib/armv7e-m/fpu\libg_s.a(lib_a-exit.o) (_global_impure_ptr)
c:/freescale/kds_3.0.0/toolchain/bin/../lib/gcc/arm-none-eabi/4.8.4/../../../../arm-none-eabi/lib/armv7e-m/fpu\libg_s.a(lib_a-init.o)
                              c:/freescale/kds_3.0.0/toolchain/bin/../lib/gcc/arm-none-eabi/4.8.4/../../../../arm-none-eabi/lib/armv7e-m/fpu/crt0.o (__libc_init_array)
c:/freescale/kds_3.0.0/toolchain/bin/../lib/gcc/arm-none-eabi/4.8.4/../../../../arm-none-eabi/lib/armv7e-m/fpu\libg_s.a(lib_a-memset.o)
                              c:/freescale/kds_3.0.0/toolchain/bin/../lib/gcc/arm-none-eabi/4.8.4/../../../../arm-none-eabi/lib/armv7e-m/fpu/crt0.o (memset)
c:/freescale/kds_3.0.0/toolchain/bin/../lib/gcc/arm-none-eabi/4.8.4/../../../../arm-none-eabi/lib/armv7e-m/fpu\libnosys.a(_exit.o)
                              c:/freescale/kds_3.0.0/toolchain/bin/../lib/gcc/arm-none-eabi/4.8.4/../../../../arm-none-eabi/lib/armv7e-m/fpu\libg_s.a(lib_a-exit.o) (_exit)

Allocating common symbols
Common symbol       size              file

MyFIFO1             0x106             ./Sources/main.o
Packet_Parameter1   0x1               ./Sources/packet.o
Packet_Parameter3   0x1               ./Sources/packet.o
SR_reg              0x1               ./Generated_Code/Cpu.o
Packet_Command      0x1               ./Sources/packet.o
Packet_Parameter2   0x1               ./Sources/packet.o
Packet_Checksum     0x1               ./Sources/packet.o

Discarded input sections

 .text          0x00000000        0x0 c:/freescale/kds_3.0.0/toolchain/bin/../lib/gcc/arm-none-eabi/4.8.4/armv7e-m/fpu/crti.o
 .data          0x00000000        0x0 c:/freescale/kds_3.0.0/toolchain/bin/../lib/gcc/arm-none-eabi/4.8.4/armv7e-m/fpu/crti.o
 .bss           0x00000000        0x0 c:/freescale/kds_3.0.0/toolchain/bin/../lib/gcc/arm-none-eabi/4.8.4/armv7e-m/fpu/crti.o
 .data          0x00000000        0x4 c:/freescale/kds_3.0.0/toolchain/bin/../lib/gcc/arm-none-eabi/4.8.4/armv7e-m/fpu/crtbegin.o
 .data          0x00000000        0x0 c:/freescale/kds_3.0.0/toolchain/bin/../lib/gcc/arm-none-eabi/4.8.4/../../../../arm-none-eabi/lib/armv7e-m/fpu/crt0.o
 .bss           0x00000000        0x0 c:/freescale/kds_3.0.0/toolchain/bin/../lib/gcc/arm-none-eabi/4.8.4/../../../../arm-none-eabi/lib/armv7e-m/fpu/crt0.o
 .ARM.extab     0x00000000        0x0 c:/freescale/kds_3.0.0/toolchain/bin/../lib/gcc/arm-none-eabi/4.8.4/../../../../arm-none-eabi/lib/armv7e-m/fpu/crt0.o
 .group         0x00000000        0x8 ./Sources/FIFO.o
 .group         0x00000000        0x8 ./Sources/FIFO.o
 .group         0x00000000        0x8 ./Sources/FIFO.o
 .group         0x00000000        0x8 ./Sources/FIFO.o
 .group         0x00000000        0x8 ./Sources/FIFO.o
 .text          0x00000000        0x0 ./Sources/FIFO.o
 .data          0x00000000        0x0 ./Sources/FIFO.o
 .bss           0x00000000        0x0 ./Sources/FIFO.o
 .text.FIFO_Get
                0x00000000       0x48 ./Sources/FIFO.o
 .group         0x00000000        0x8 ./Sources/UART.o
 .group         0x00000000        0x8 ./Sources/UART.o
 .group         0x00000000        0x8 ./Sources/UART.o
 .group         0x00000000        0x8 ./Sources/UART.o
 .group         0x00000000        0x8 ./Sources/UART.o
 .group         0x00000000        0x8 ./Sources/UART.o
 .group         0x00000000        0x8 ./Sources/UART.o
 .group         0x00000000        0x8 ./Sources/UART.o
 .group         0x00000000        0x8 ./Sources/UART.o
 .group         0x00000000        0x8 ./Sources/UART.o
 .text          0x00000000        0x0 ./Sources/UART.o
 .data          0x00000000        0x0 ./Sources/UART.o
 .bss           0x00000000        0x0 ./Sources/UART.o
 .text.UART_Init
                0x00000000       0x68 ./Sources/UART.o
 .text.UART_InChar
                0x00000000       0x14 ./Sources/UART.o
 .text.UART_OutChar
                0x00000000       0x18 ./Sources/UART.o
 .debug_info    0x00000000      0x407 ./Sources/UART.o
 .debug_abbrev  0x00000000       0xfe ./Sources/UART.o
 .debug_aranges
                0x00000000       0x30 ./Sources/UART.o
 .debug_ranges  0x00000000       0x20 ./Sources/UART.o
 .debug_macro   0x00000000       0xa0 ./Sources/UART.o
 .debug_macro   0x00000000      0x850 ./Sources/UART.o
 .debug_macro   0x00000000       0x16 ./Sources/UART.o
 .debug_macro   0x00000000       0x44 ./Sources/UART.o
 .debug_macro   0x00000000      0x209 ./Sources/UART.o
 .debug_macro   0x00000000       0x22 ./Sources/UART.o
 .debug_macro   0x00000000     0x1800 ./Sources/UART.o
 .debug_macro   0x00000000      0x14e ./Sources/UART.o
 .debug_macro   0x00000000       0x64 ./Sources/UART.o
 .debug_macro   0x00000000    0x174c1 ./Sources/UART.o
 .debug_macro   0x00000000       0x8e ./Sources/UART.o
 .debug_line    0x00000000      0x264 ./Sources/UART.o
 .debug_str     0x00000000    0x8a780 ./Sources/UART.o
 .comment       0x00000000       0x71 ./Sources/UART.o
 .ARM.attributes
                0x00000000       0x39 ./Sources/UART.o
 .debug_frame   0x00000000       0x64 ./Sources/UART.o
 .group         0x00000000        0x8 ./Sources/main.o
 .group         0x00000000        0x8 ./Sources/main.o
 .group         0x00000000        0x8 ./Sources/main.o
 .group         0x00000000        0x8 ./Sources/main.o
 .group         0x00000000        0x8 ./Sources/main.o
 .group         0x00000000        0x8 ./Sources/main.o
 .group         0x00000000        0x8 ./Sources/main.o
 .group         0x00000000        0x8 ./Sources/main.o
 .group         0x00000000        0x8 ./Sources/main.o
 .group         0x00000000        0x8 ./Sources/main.o
 .text          0x00000000        0x0 ./Sources/main.o
 .data          0x00000000        0x0 ./Sources/main.o
 .bss           0x00000000        0x0 ./Sources/main.o
 .debug_macro   0x00000000      0x850 ./Sources/main.o
 .debug_macro   0x00000000       0x16 ./Sources/main.o
 .debug_macro   0x00000000       0x44 ./Sources/main.o
 .debug_macro   0x00000000      0x209 ./Sources/main.o
 .debug_macro   0x00000000      0x14e ./Sources/main.o
 .debug_macro   0x00000000       0x64 ./Sources/main.o
 .debug_macro   0x00000000    0x174c1 ./Sources/main.o
 .debug_macro   0x00000000       0x8e ./Sources/main.o
 .debug_macro   0x00000000       0x22 ./Sources/main.o
 .group         0x00000000        0x8 ./Sources/packet.o
 .group         0x00000000        0x8 ./Sources/packet.o
 .group         0x00000000        0x8 ./Sources/packet.o
 .group         0x00000000        0x8 ./Sources/packet.o
 .group         0x00000000        0x8 ./Sources/packet.o
 .text          0x00000000        0x0 ./Sources/packet.o
 .data          0x00000000        0x0 ./Sources/packet.o
 .bss           0x00000000        0x0 ./Sources/packet.o
 .debug_info    0x00000000       0xda ./Sources/packet.o
 .debug_abbrev  0x00000000       0x47 ./Sources/packet.o
 .debug_aranges
                0x00000000       0x18 ./Sources/packet.o
 .debug_macro   0x00000000       0x5f ./Sources/packet.o
 .debug_macro   0x00000000      0x850 ./Sources/packet.o
 .debug_macro   0x00000000       0x16 ./Sources/packet.o
 .debug_macro   0x00000000       0x44 ./Sources/packet.o
 .debug_macro   0x00000000      0x209 ./Sources/packet.o
 .debug_macro   0x00000000       0x22 ./Sources/packet.o
 .debug_line    0x00000000      0x188 ./Sources/packet.o
 .debug_str     0x00000000     0x2fbf ./Sources/packet.o
 .comment       0x00000000       0x71 ./Sources/packet.o
 .ARM.attributes
                0x00000000       0x39 ./Sources/packet.o
 COMMON         0x00000000        0x5 ./Sources/packet.o
 .group         0x00000000        0x8 ./Project_Settings/Startup_Code/startup.o
 .group         0x00000000        0x8 ./Project_Settings/Startup_Code/startup.o
 .group         0x00000000        0x8 ./Project_Settings/Startup_Code/startup.o
 .group         0x00000000        0x8 ./Project_Settings/Startup_Code/startup.o
 .group         0x00000000        0x8 ./Project_Settings/Startup_Code/startup.o
 .group         0x00000000        0x8 ./Project_Settings/Startup_Code/startup.o
 .group         0x00000000        0x8 ./Project_Settings/Startup_Code/startup.o
 .group         0x00000000        0x8 ./Project_Settings/Startup_Code/startup.o
 .group         0x00000000        0x8 ./Project_Settings/Startup_Code/startup.o
 .group         0x00000000        0x8 ./Project_Settings/Startup_Code/startup.o
 .group         0x00000000        0x8 ./Project_Settings/Startup_Code/startup.o
 .group         0x00000000        0x8 ./Project_Settings/Startup_Code/startup.o
 .group         0x00000000        0x8 ./Project_Settings/Startup_Code/startup.o
 .group         0x00000000        0x8 ./Project_Settings/Startup_Code/startup.o
 .group         0x00000000        0x8 ./Project_Settings/Startup_Code/startup.o
 .group         0x00000000        0x8 ./Project_Settings/Startup_Code/startup.o
 .group         0x00000000        0x8 ./Project_Settings/Startup_Code/startup.o
 .group         0x00000000        0x8 ./Project_Settings/Startup_Code/startup.o
 .group         0x00000000        0x8 ./Project_Settings/Startup_Code/startup.o
 .text          0x00000000        0x0 ./Project_Settings/Startup_Code/startup.o
 .data          0x00000000        0x0 ./Project_Settings/Startup_Code/startup.o
 .bss           0x00000000        0x0 ./Project_Settings/Startup_Code/startup.o
 .text.__init_hardware
                0x00000000        0xc ./Project_Settings/Startup_Code/startup.o
 .text.__iar_program_start
                0x00000000        0xc ./Project_Settings/Startup_Code/startup.o
 .debug_macro   0x00000000      0x850 ./Project_Settings/Startup_Code/startup.o
 .debug_macro   0x00000000       0x16 ./Project_Settings/Startup_Code/startup.o
 .group         0x00000000        0x8 ./Generated_Code/Cpu.o
 .group         0x00000000        0x8 ./Generated_Code/Cpu.o
 .group         0x00000000        0x8 ./Generated_Code/Cpu.o
 .group         0x00000000        0x8 ./Generated_Code/Cpu.o
 .group         0x00000000        0x8 ./Generated_Code/Cpu.o
 .group         0x00000000        0x8 ./Generated_Code/Cpu.o
 .group         0x00000000        0x8 ./Generated_Code/Cpu.o
 .group         0x00000000        0x8 ./Generated_Code/Cpu.o
 .group         0x00000000        0x8 ./Generated_Code/Cpu.o
 .text          0x00000000        0x0 ./Generated_Code/Cpu.o
 .data          0x00000000        0x0 ./Generated_Code/Cpu.o
 .bss           0x00000000        0x0 ./Generated_Code/Cpu.o
 .bss.SR_lock   0x00000000        0x1 ./Generated_Code/Cpu.o
 .debug_macro   0x00000000      0x850 ./Generated_Code/Cpu.o
 .debug_macro   0x00000000       0x16 ./Generated_Code/Cpu.o
 .debug_macro   0x00000000       0x44 ./Generated_Code/Cpu.o
 .debug_macro   0x00000000      0x209 ./Generated_Code/Cpu.o
 .debug_macro   0x00000000     0x17fa ./Generated_Code/Cpu.o
 .debug_macro   0x00000000      0x14e ./Generated_Code/Cpu.o
 .debug_macro   0x00000000       0x64 ./Generated_Code/Cpu.o
 .debug_macro   0x00000000    0x174c1 ./Generated_Code/Cpu.o
 COMMON         0x00000000        0x1 ./Generated_Code/Cpu.o
 .group         0x00000000        0x8 ./Generated_Code/PE_LDD.o
 .group         0x00000000        0x8 ./Generated_Code/PE_LDD.o
 .group         0x00000000        0x8 ./Generated_Code/PE_LDD.o
 .group         0x00000000        0x8 ./Generated_Code/PE_LDD.o
 .group         0x00000000        0x8 ./Generated_Code/PE_LDD.o
 .group         0x00000000        0x8 ./Generated_Code/PE_LDD.o
 .group         0x00000000        0x8 ./Generated_Code/PE_LDD.o
 .group         0x00000000        0x8 ./Generated_Code/PE_LDD.o
 .group         0x00000000        0x8 ./Generated_Code/PE_LDD.o
 .text          0x00000000        0x0 ./Generated_Code/PE_LDD.o
 .data          0x00000000        0x0 ./Generated_Code/PE_LDD.o
 .bss           0x00000000        0x0 ./Generated_Code/PE_LDD.o
 .rodata.PE_CpuClockConfigurations
                0x00000000       0x28 ./Generated_Code/PE_LDD.o
 .text.PE_FillMemory
                0x00000000       0x24 ./Generated_Code/PE_LDD.o
 .text.PE_PeripheralUsed
                0x00000000       0x18 ./Generated_Code/PE_LDD.o
 .text.LDD_SetClockConfiguration
                0x00000000       0x14 ./Generated_Code/PE_LDD.o
 .debug_info    0x00000000      0x215 ./Generated_Code/PE_LDD.o
 .debug_abbrev  0x00000000       0xf3 ./Generated_Code/PE_LDD.o
 .debug_aranges
                0x00000000       0x30 ./Generated_Code/PE_LDD.o
 .debug_ranges  0x00000000       0x20 ./Generated_Code/PE_LDD.o
 .debug_macro   0x00000000       0x8f ./Generated_Code/PE_LDD.o
 .debug_macro   0x00000000      0x850 ./Generated_Code/PE_LDD.o
 .debug_macro   0x00000000       0x16 ./Generated_Code/PE_LDD.o
 .debug_macro   0x00000000       0x44 ./Generated_Code/PE_LDD.o
 .debug_macro   0x00000000      0x209 ./Generated_Code/PE_LDD.o
 .debug_macro   0x00000000     0x17fa ./Generated_Code/PE_LDD.o
 .debug_macro   0x00000000      0x14e ./Generated_Code/PE_LDD.o
 .debug_macro   0x00000000       0x64 ./Generated_Code/PE_LDD.o
 .debug_macro   0x00000000    0x174c1 ./Generated_Code/PE_LDD.o
 .debug_macro   0x00000000       0x8e ./Generated_Code/PE_LDD.o
 .debug_line    0x00000000      0x232 ./Generated_Code/PE_LDD.o
 .debug_str     0x00000000    0x8a74a ./Generated_Code/PE_LDD.o
 .comment       0x00000000       0x71 ./Generated_Code/PE_LDD.o
 .ARM.attributes
                0x00000000       0x39 ./Generated_Code/PE_LDD.o
 .debug_frame   0x00000000       0x64 ./Generated_Code/PE_LDD.o
 .group         0x00000000        0x8 ./Generated_Code/Vectors.o
 .group         0x00000000        0x8 ./Generated_Code/Vectors.o
 .group         0x00000000        0x8 ./Generated_Code/Vectors.o
 .group         0x00000000        0x8 ./Generated_Code/Vectors.o
 .group         0x00000000        0x8 ./Generated_Code/Vectors.o
 .group         0x00000000        0x8 ./Generated_Code/Vectors.o
 .group         0x00000000        0x8 ./Generated_Code/Vectors.o
 .group         0x00000000        0x8 ./Generated_Code/Vectors.o
 .group         0x00000000        0x8 ./Generated_Code/Vectors.o
 .text          0x00000000        0x0 ./Generated_Code/Vectors.o
 .data          0x00000000        0x0 ./Generated_Code/Vectors.o
 .bss           0x00000000        0x0 ./Generated_Code/Vectors.o
 .debug_macro   0x00000000      0x850 ./Generated_Code/Vectors.o
 .debug_macro   0x00000000       0x16 ./Generated_Code/Vectors.o
 .debug_macro   0x00000000       0x44 ./Generated_Code/Vectors.o
 .debug_macro   0x00000000      0x209 ./Generated_Code/Vectors.o
 .debug_macro   0x00000000     0x17fa ./Generated_Code/Vectors.o
 .debug_macro   0x00000000      0x14e ./Generated_Code/Vectors.o
 .debug_macro   0x00000000       0x64 ./Generated_Code/Vectors.o
 .debug_macro   0x00000000    0x174c1 ./Generated_Code/Vectors.o
 .debug_macro   0x00000000       0x8e ./Generated_Code/Vectors.o
 .text          0x00000000        0x0 c:/freescale/kds_3.0.0/toolchain/bin/../lib/gcc/arm-none-eabi/4.8.4/../../../../arm-none-eabi/lib/armv7e-m/fpu\libg_s.a(lib_a-exit.o)
 .data          0x00000000        0x0 c:/freescale/kds_3.0.0/toolchain/bin/../lib/gcc/arm-none-eabi/4.8.4/../../../../arm-none-eabi/lib/armv7e-m/fpu\libg_s.a(lib_a-exit.o)
 .bss           0x00000000        0x0 c:/freescale/kds_3.0.0/toolchain/bin/../lib/gcc/arm-none-eabi/4.8.4/../../../../arm-none-eabi/lib/armv7e-m/fpu\libg_s.a(lib_a-exit.o)
 .text          0x00000000        0x0 c:/freescale/kds_3.0.0/toolchain/bin/../lib/gcc/arm-none-eabi/4.8.4/../../../../arm-none-eabi/lib/armv7e-m/fpu\libg_s.a(lib_a-impure.o)
 .data          0x00000000        0x0 c:/freescale/kds_3.0.0/toolchain/bin/../lib/gcc/arm-none-eabi/4.8.4/../../../../arm-none-eabi/lib/armv7e-m/fpu\libg_s.a(lib_a-impure.o)
 .bss           0x00000000        0x0 c:/freescale/kds_3.0.0/toolchain/bin/../lib/gcc/arm-none-eabi/4.8.4/../../../../arm-none-eabi/lib/armv7e-m/fpu\libg_s.a(lib_a-impure.o)
 .data._impure_ptr
                0x00000000        0x4 c:/freescale/kds_3.0.0/toolchain/bin/../lib/gcc/arm-none-eabi/4.8.4/../../../../arm-none-eabi/lib/armv7e-m/fpu\libg_s.a(lib_a-impure.o)
 .text          0x00000000        0x0 c:/freescale/kds_3.0.0/toolchain/bin/../lib/gcc/arm-none-eabi/4.8.4/../../../../arm-none-eabi/lib/armv7e-m/fpu\libg_s.a(lib_a-init.o)
 .data          0x00000000        0x0 c:/freescale/kds_3.0.0/toolchain/bin/../lib/gcc/arm-none-eabi/4.8.4/../../../../arm-none-eabi/lib/armv7e-m/fpu\libg_s.a(lib_a-init.o)
 .bss           0x00000000        0x0 c:/freescale/kds_3.0.0/toolchain/bin/../lib/gcc/arm-none-eabi/4.8.4/../../../../arm-none-eabi/lib/armv7e-m/fpu\libg_s.a(lib_a-init.o)
 .text          0x00000000        0x0 c:/freescale/kds_3.0.0/toolchain/bin/../lib/gcc/arm-none-eabi/4.8.4/../../../../arm-none-eabi/lib/armv7e-m/fpu\libg_s.a(lib_a-memset.o)
 .data          0x00000000        0x0 c:/freescale/kds_3.0.0/toolchain/bin/../lib/gcc/arm-none-eabi/4.8.4/../../../../arm-none-eabi/lib/armv7e-m/fpu\libg_s.a(lib_a-memset.o)
 .bss           0x00000000        0x0 c:/freescale/kds_3.0.0/toolchain/bin/../lib/gcc/arm-none-eabi/4.8.4/../../../../arm-none-eabi/lib/armv7e-m/fpu\libg_s.a(lib_a-memset.o)
 .text          0x00000000        0x0 c:/freescale/kds_3.0.0/toolchain/bin/../lib/gcc/arm-none-eabi/4.8.4/../../../../arm-none-eabi/lib/armv7e-m/fpu\libnosys.a(_exit.o)
 .data          0x00000000        0x0 c:/freescale/kds_3.0.0/toolchain/bin/../lib/gcc/arm-none-eabi/4.8.4/../../../../arm-none-eabi/lib/armv7e-m/fpu\libnosys.a(_exit.o)
 .bss           0x00000000        0x0 c:/freescale/kds_3.0.0/toolchain/bin/../lib/gcc/arm-none-eabi/4.8.4/../../../../arm-none-eabi/lib/armv7e-m/fpu\libnosys.a(_exit.o)
 .text          0x00000000        0x0 c:/freescale/kds_3.0.0/toolchain/bin/../lib/gcc/arm-none-eabi/4.8.4/armv7e-m/fpu/crtend.o
 .data          0x00000000        0x0 c:/freescale/kds_3.0.0/toolchain/bin/../lib/gcc/arm-none-eabi/4.8.4/armv7e-m/fpu/crtend.o
 .bss           0x00000000        0x0 c:/freescale/kds_3.0.0/toolchain/bin/../lib/gcc/arm-none-eabi/4.8.4/armv7e-m/fpu/crtend.o
 .eh_frame      0x00000000        0x4 c:/freescale/kds_3.0.0/toolchain/bin/../lib/gcc/arm-none-eabi/4.8.4/armv7e-m/fpu/crtend.o
 .jcr           0x00000000        0x4 c:/freescale/kds_3.0.0/toolchain/bin/../lib/gcc/arm-none-eabi/4.8.4/armv7e-m/fpu/crtend.o
 .ARM.attributes
                0x00000000       0x34 c:/freescale/kds_3.0.0/toolchain/bin/../lib/gcc/arm-none-eabi/4.8.4/armv7e-m/fpu/crtend.o
 .text          0x00000000        0x0 c:/freescale/kds_3.0.0/toolchain/bin/../lib/gcc/arm-none-eabi/4.8.4/armv7e-m/fpu/crtn.o
 .data          0x00000000        0x0 c:/freescale/kds_3.0.0/toolchain/bin/../lib/gcc/arm-none-eabi/4.8.4/armv7e-m/fpu/crtn.o
 .bss           0x00000000        0x0 c:/freescale/kds_3.0.0/toolchain/bin/../lib/gcc/arm-none-eabi/4.8.4/armv7e-m/fpu/crtn.o

Memory Configuration

Name             Origin             Length             Attributes
m_interrupts     0x00000000         0x000001e8         xr
m_text           0x00000410         0x000ffbf0         xr
m_data           0x1fff0000         0x00010000         rw
m_data_20000000  0x20000000         0x00010000         rw
m_cfmprotrom     0x00000400         0x00000010         xr
*default*        0x00000000         0xffffffff

Linker script and memory map

LOAD c:/freescale/kds_3.0.0/toolchain/bin/../lib/gcc/arm-none-eabi/4.8.4/armv7e-m/fpu/crti.o
LOAD c:/freescale/kds_3.0.0/toolchain/bin/../lib/gcc/arm-none-eabi/4.8.4/armv7e-m/fpu/crtbegin.o
LOAD c:/freescale/kds_3.0.0/toolchain/bin/../lib/gcc/arm-none-eabi/4.8.4/../../../../arm-none-eabi/lib/armv7e-m/fpu/crt0.o
LOAD ./Sources/FIFO.o
LOAD ./Sources/UART.o
LOAD ./Sources/main.o
LOAD ./Sources/packet.o
LOAD ./Project_Settings/Startup_Code/startup.o
LOAD ./Generated_Code/Cpu.o
LOAD ./Generated_Code/PE_LDD.o
LOAD ./Generated_Code/Vectors.o
LOAD c:/freescale/kds_3.0.0/toolchain/bin/../lib/gcc/arm-none-eabi/4.8.4/../../../../arm-none-eabi/lib/armv7e-m/fpu\libstdc++_s.a
LOAD c:/freescale/kds_3.0.0/toolchain/bin/../lib/gcc/arm-none-eabi/4.8.4/../../../../arm-none-eabi/lib/armv7e-m/fpu\libm.a
START GROUP
LOAD c:/freescale/kds_3.0.0/toolchain/bin/../lib/gcc/arm-none-eabi/4.8.4/armv7e-m/fpu\libgcc.a
LOAD c:/freescale/kds_3.0.0/toolchain/bin/../lib/gcc/arm-none-eabi/4.8.4/../../../../arm-none-eabi/lib/armv7e-m/fpu\libg_s.a
LOAD c:/freescale/kds_3.0.0/toolchain/bin/../lib/gcc/arm-none-eabi/4.8.4/../../../../arm-none-eabi/lib/armv7e-m/fpu\libc_s.a
END GROUP
START GROUP
LOAD c:/freescale/kds_3.0.0/toolchain/bin/../lib/gcc/arm-none-eabi/4.8.4/armv7e-m/fpu\libgcc.a
LOAD c:/freescale/kds_3.0.0/toolchain/bin/../lib/gcc/arm-none-eabi/4.8.4/../../../../arm-none-eabi/lib/armv7e-m/fpu\libc_s.a
LOAD c:/freescale/kds_3.0.0/toolchain/bin/../lib/gcc/arm-none-eabi/4.8.4/../../../../arm-none-eabi/lib/armv7e-m/fpu\libnosys.a
END GROUP
START GROUP
LOAD c:/freescale/kds_3.0.0/toolchain/bin/../lib/gcc/arm-none-eabi/4.8.4/armv7e-m/fpu\libgcc.a
LOAD c:/freescale/kds_3.0.0/toolchain/bin/../lib/gcc/arm-none-eabi/4.8.4/../../../../arm-none-eabi/lib/armv7e-m/fpu\libc_s.a
LOAD c:/freescale/kds_3.0.0/toolchain/bin/../lib/gcc/arm-none-eabi/4.8.4/../../../../arm-none-eabi/lib/armv7e-m/fpu\libnosys.a
END GROUP
LOAD c:/freescale/kds_3.0.0/toolchain/bin/../lib/gcc/arm-none-eabi/4.8.4/armv7e-m/fpu/crtend.o
LOAD c:/freescale/kds_3.0.0/toolchain/bin/../lib/gcc/arm-none-eabi/4.8.4/armv7e-m/fpu/crtn.o
                0x20000000                _estack = 0x20000000
                0x20000000                __SP_INIT = _estack
                0x20000000                __stack = _estack
                0x00000000                __heap_size = 0x0
                0x00000400                __stack_size = 0x400

.interrupts     0x00000000      0x1e8
                0x00000000                __vector_table = .
                0x00000000                . = ALIGN (0x4)
 *(.vectortable)
 .vectortable   0x00000000      0x1e8 ./Generated_Code/Vectors.o
                0x00000000                __vect_table
                0x000001e8                . = ALIGN (0x4)

.cfmprotect     0x00000400       0x10
                0x00000400                . = ALIGN (0x4)
 *(.cfmconfig)
 .cfmconfig     0x00000400       0x10 ./Generated_Code/Cpu.o
                0x00000400                _cfm
                0x00000410                . = ALIGN (0x4)

.text           0x00000410      0x670
                0x00000410                . = ALIGN (0x4)
 *(.text)
 .text          0x00000410       0x54 c:/freescale/kds_3.0.0/toolchain/bin/../lib/gcc/arm-none-eabi/4.8.4/armv7e-m/fpu/crtbegin.o
 .text          0x00000464       0x74 c:/freescale/kds_3.0.0/toolchain/bin/../lib/gcc/arm-none-eabi/4.8.4/../../../../arm-none-eabi/lib/armv7e-m/fpu/crt0.o
                0x00000464                _start
                0x00000464                _mainCRTStartup
 *(.text*)
 .text.FIFO_Init
                0x000004d8       0x24 ./Sources/FIFO.o
                0x000004d8                FIFO_Init
 .text.FIFO_Put
                0x000004fc       0x54 ./Sources/FIFO.o
                0x000004fc                FIFO_Put
 .text.main     0x00000550       0x44 ./Sources/main.o
                0x00000550                main
 .text.__copy_rom_section
                0x00000594       0xe4 ./Project_Settings/Startup_Code/startup.o
                0x00000594                __copy_rom_section
 .text.__copy_rom_sections_to_ram
                0x00000678       0x9c ./Project_Settings/Startup_Code/startup.o
                0x00000678                __copy_rom_sections_to_ram
 .text.__init_registers
                0x00000714       0x20 ./Project_Settings/Startup_Code/startup.o
                0x00000714                __init_registers
 .text.__init_user
                0x00000734        0xc ./Project_Settings/Startup_Code/startup.o
                0x00000734                __init_user
 .text.__thumb_startup
                0x00000740       0x34 ./Project_Settings/Startup_Code/startup.o
                0x00000740                __thumb_startup
 .text.Cpu_Interrupt
                0x00000774       0x18 ./Generated_Code/Cpu.o
                0x00000774                Cpu_Interrupt
 .text.__init_hardware
                0x0000078c      0x150 ./Generated_Code/Cpu.o
                0x0000078c                __init_hardware
 .text.Cpu_SetBASEPRI
                0x000008dc       0x18 ./Generated_Code/Cpu.o
                0x000008dc                Cpu_SetBASEPRI
 .text.PE_low_level_init
                0x000008f4       0xe4 ./Generated_Code/Cpu.o
                0x000008f4                PE_low_level_init
 .text.exit     0x000009d8       0x28 c:/freescale/kds_3.0.0/toolchain/bin/../lib/gcc/arm-none-eabi/4.8.4/../../../../arm-none-eabi/lib/armv7e-m/fpu\libg_s.a(lib_a-exit.o)
                0x000009d8                exit
 .text.__libc_init_array
                0x00000a00       0x4c c:/freescale/kds_3.0.0/toolchain/bin/../lib/gcc/arm-none-eabi/4.8.4/../../../../arm-none-eabi/lib/armv7e-m/fpu\libg_s.a(lib_a-init.o)
                0x00000a00                __libc_init_array
 .text.memset   0x00000a4c       0x10 c:/freescale/kds_3.0.0/toolchain/bin/../lib/gcc/arm-none-eabi/4.8.4/../../../../arm-none-eabi/lib/armv7e-m/fpu\libg_s.a(lib_a-memset.o)
                0x00000a4c                memset
 .text._exit    0x00000a5c        0x4 c:/freescale/kds_3.0.0/toolchain/bin/../lib/gcc/arm-none-eabi/4.8.4/../../../../arm-none-eabi/lib/armv7e-m/fpu\libnosys.a(_exit.o)
                0x00000a5c                _exit
 *(.rodata)
 *(.rodata*)
 .rodata.str1.1
                0x00000a60        0x2 c:/freescale/kds_3.0.0/toolchain/bin/../lib/gcc/arm-none-eabi/4.8.4/../../../../arm-none-eabi/lib/armv7e-m/fpu\libg_s.a(lib_a-impure.o)
 *fill*         0x00000a62        0x2 
 .rodata._global_impure_ptr
                0x00000a64        0x4 c:/freescale/kds_3.0.0/toolchain/bin/../lib/gcc/arm-none-eabi/4.8.4/../../../../arm-none-eabi/lib/armv7e-m/fpu\libg_s.a(lib_a-impure.o)
                0x00000a64                _global_impure_ptr
 *(.glue_7)
 .glue_7        0x00000000        0x0 linker stubs
 *(.glue_7t)
 .glue_7t       0x00000000        0x0 linker stubs
 *(.eh_frame)
 .eh_frame      0x00000a68        0x0 c:/freescale/kds_3.0.0/toolchain/bin/../lib/gcc/arm-none-eabi/4.8.4/armv7e-m/fpu/crtbegin.o
 *(.init)
 .init          0x00000a68        0x4 c:/freescale/kds_3.0.0/toolchain/bin/../lib/gcc/arm-none-eabi/4.8.4/armv7e-m/fpu/crti.o
                0x00000a68                _init
 .init          0x00000a6c        0x8 c:/freescale/kds_3.0.0/toolchain/bin/../lib/gcc/arm-none-eabi/4.8.4/armv7e-m/fpu/crtn.o
 *(.fini)
 .fini          0x00000a74        0x4 c:/freescale/kds_3.0.0/toolchain/bin/../lib/gcc/arm-none-eabi/4.8.4/armv7e-m/fpu/crti.o
                0x00000a74                _fini
 .fini          0x00000a78        0x8 c:/freescale/kds_3.0.0/toolchain/bin/../lib/gcc/arm-none-eabi/4.8.4/armv7e-m/fpu/crtn.o
                0x00000a80                . = ALIGN (0x4)
                0x00000a80                _etext = .

.vfp11_veneer   0x00000a80        0x0
 .vfp11_veneer  0x00000000        0x0 linker stubs

.v4_bx          0x00000a80        0x0
 .v4_bx         0x00000000        0x0 linker stubs

.iplt           0x00000a80        0x0
 .iplt          0x00000000        0x0 c:/freescale/kds_3.0.0/toolchain/bin/../lib/gcc/arm-none-eabi/4.8.4/armv7e-m/fpu/crtbegin.o

.ARM.extab
 *(.ARM.extab* .gnu.linkonce.armextab.*)

.ARM            0x00000a80        0x8
                0x00000a80                __exidx_start = .
 *(.ARM.exidx*)
 .ARM.exidx     0x00000a80        0x8 c:/freescale/kds_3.0.0/toolchain/bin/../lib/gcc/arm-none-eabi/4.8.4/../../../../arm-none-eabi/lib/armv7e-m/fpu/crt0.o
                0x00000a88                __exidx_end = .

.rel.dyn        0x00000a88        0x0
 .rel.iplt      0x00000000        0x0 c:/freescale/kds_3.0.0/toolchain/bin/../lib/gcc/arm-none-eabi/4.8.4/armv7e-m/fpu/crtbegin.o

.ctors          0x00000a88        0x0
                0x00000a88                __CTOR_LIST__ = .
 *crtbegin.o(.ctors)
 *(EXCLUDE_FILE(*crtend.o) .ctors)
 *(SORT(.ctors.*))
 *(.ctors)
                0x00000a88                __CTOR_END__ = .

.dtors          0x00000a88        0x0
                0x00000a88                __DTOR_LIST__ = .
 *crtbegin.o(.dtors)
 *(EXCLUDE_FILE(*crtend.o) .dtors)
 *(SORT(.dtors.*))
 *(.dtors)
                0x00000a88                __DTOR_END__ = .

.preinit_array  0x00000a88        0x0
                0x00000a88                PROVIDE (__preinit_array_start, .)
 *(.preinit_array*)
                0x00000a88                PROVIDE (__preinit_array_end, .)

.init_array     0x00000a88        0x4
                0x00000a88                PROVIDE (__init_array_start, .)
 *(SORT(.init_array.*))
 *(.init_array*)
 .init_array    0x00000a88        0x4 c:/freescale/kds_3.0.0/toolchain/bin/../lib/gcc/arm-none-eabi/4.8.4/armv7e-m/fpu/crtbegin.o
                0x00000a8c                PROVIDE (__init_array_end, .)

.fini_array     0x00000a8c        0x4
                0x00000a8c                PROVIDE (__fini_array_start, .)
 *(SORT(.fini_array.*))
 *(.fini_array*)
 .fini_array    0x00000a8c        0x4 c:/freescale/kds_3.0.0/toolchain/bin/../lib/gcc/arm-none-eabi/4.8.4/armv7e-m/fpu/crtbegin.o
                0x00000a90                PROVIDE (__fini_array_end, .)
                0x00000a90                ___ROM_AT = .

.data           0x1fff0000       0x60 load address 0x00000a90
                0x1fff0000                . = ALIGN (0x4)
                0x1fff0000                _sdata = .
 *(.data)
 *(.data*)
 .data.impure_data
                0x1fff0000       0x60 c:/freescale/kds_3.0.0/toolchain/bin/../lib/gcc/arm-none-eabi/4.8.4/../../../../arm-none-eabi/lib/armv7e-m/fpu\libg_s.a(lib_a-impure.o)
                0x1fff0060                . = ALIGN (0x4)
                0x1fff0060                _edata = .
                0x00000060                ___data_size = (_edata - _sdata)
                0x00000af0                ___m_data_20000000_ROMStart = (___ROM_AT + SIZEOF (.data))

.jcr            0x1fff0060        0x0 load address 0x00000af0
 .jcr           0x1fff0060        0x0 c:/freescale/kds_3.0.0/toolchain/bin/../lib/gcc/arm-none-eabi/4.8.4/armv7e-m/fpu/crtbegin.o

.igot.plt       0x1fff0060        0x0 load address 0x00000af0
 .igot.plt      0x00000000        0x0 c:/freescale/kds_3.0.0/toolchain/bin/../lib/gcc/arm-none-eabi/4.8.4/armv7e-m/fpu/crtbegin.o

.m_data_20000000
                0x20000000        0x0 load address 0x00000af0
                0x20000000                . = ALIGN (0x4)
                0x20000000                ___m_data_20000000_RAMStart = .
 *(.m_data_20000000)
                0x20000000                ___m_data_20000000_RAMEnd = .
                0x20000000                . = ALIGN (0x4)
                0x00000000                ___m_data_20000000_ROMSize = (___m_data_20000000_RAMEnd - ___m_data_20000000_RAMStart)
                0x20000000                . = ALIGN (0x4)

.bss            0x1fff0060      0x124 load address 0x00000af0
                0x1fff0060                __START_BSS = .
                0x1fff0060                PROVIDE (__bss_start__, __START_BSS)
 *(.bss)
 .bss           0x1fff0060       0x1c c:/freescale/kds_3.0.0/toolchain/bin/../lib/gcc/arm-none-eabi/4.8.4/armv7e-m/fpu/crtbegin.o
 *(.bss*)
 *(COMMON)
 COMMON         0x1fff007c      0x106 ./Sources/main.o
                0x1fff007c                MyFIFO1
                0x1fff0184                . = ALIGN (0x4)
 *fill*         0x1fff0182        0x2 
                0x1fff0184                __END_BSS = .
                0x1fff0184                PROVIDE (__bss_end__, __END_BSS)
                0x00000af0                _romp_at = ((___ROM_AT + SIZEOF (.data)) + SIZEOF (.m_data_20000000))

.romp           0x1fff0184       0x24 load address 0x00000af0
                0x00000af0                __S_romp = _romp_at
                0x1fff0184        0x4 LONG 0xa90 ___ROM_AT
                0x1fff0188        0x4 LONG 0x1fff0000 _sdata
                0x1fff018c        0x4 LONG 0x60 ___data_size
                0x1fff0190        0x4 LONG 0xaf0 ___m_data_20000000_ROMStart
                0x1fff0194        0x4 LONG 0x20000000 ___m_data_20000000_RAMStart
                0x1fff0198        0x4 LONG 0x0 ___m_data_20000000_ROMSize
                0x1fff019c        0x4 LONG 0x0
                0x1fff01a0        0x4 LONG 0x0
                0x1fff01a4        0x4 LONG 0x0

._user_heap_stack
                0x1fff01a8      0x400 load address 0x00000b14
                0x1fff01a8                . = ALIGN (0x4)
                0x1fff01a8                PROVIDE (end, .)
                0x1fff01a8                PROVIDE (_end, .)
                0x1fff01a8                __heap_addr = .
                0x1fff01a8                __HeapBase = .
                0x1fff01a8                . = (. + __heap_size)
                0x1fff01a8                __HeapLimit = .
                0x1fff05a8                . = (. + __stack_size)
 *fill*         0x1fff01a8      0x400 
                0x1fff05a8                . = ALIGN (0x4)

.ARM.attributes
                0x00000000       0x30
 *(.ARM.attributes)
 .ARM.attributes
                0x00000000       0x22 c:/freescale/kds_3.0.0/toolchain/bin/../lib/gcc/arm-none-eabi/4.8.4/armv7e-m/fpu/crti.o
 .ARM.attributes
                0x00000022       0x34 c:/freescale/kds_3.0.0/toolchain/bin/../lib/gcc/arm-none-eabi/4.8.4/armv7e-m/fpu/crtbegin.o
 .ARM.attributes
                0x00000056       0x20 c:/freescale/kds_3.0.0/toolchain/bin/../lib/gcc/arm-none-eabi/4.8.4/../../../../arm-none-eabi/lib/armv7e-m/fpu/crt0.o
 .ARM.attributes
                0x00000076       0x39 ./Sources/FIFO.o
 .ARM.attributes
                0x000000af       0x39 ./Sources/main.o
 .ARM.attributes
                0x000000e8       0x39 ./Project_Settings/Startup_Code/startup.o
 .ARM.attributes
                0x00000121       0x39 ./Generated_Code/Cpu.o
 .ARM.attributes
                0x0000015a       0x39 ./Generated_Code/Vectors.o
 .ARM.attributes
                0x00000193       0x34 c:/freescale/kds_3.0.0/toolchain/bin/../lib/gcc/arm-none-eabi/4.8.4/../../../../arm-none-eabi/lib/armv7e-m/fpu\libg_s.a(lib_a-exit.o)
 .ARM.attributes
                0x000001c7       0x34 c:/freescale/kds_3.0.0/toolchain/bin/../lib/gcc/arm-none-eabi/4.8.4/../../../../arm-none-eabi/lib/armv7e-m/fpu\libg_s.a(lib_a-impure.o)
 .ARM.attributes
                0x000001fb       0x34 c:/freescale/kds_3.0.0/toolchain/bin/../lib/gcc/arm-none-eabi/4.8.4/../../../../arm-none-eabi/lib/armv7e-m/fpu\libg_s.a(lib_a-init.o)
 .ARM.attributes
                0x0000022f       0x34 c:/freescale/kds_3.0.0/toolchain/bin/../lib/gcc/arm-none-eabi/4.8.4/../../../../arm-none-eabi/lib/armv7e-m/fpu\libg_s.a(lib_a-memset.o)
 .ARM.attributes
                0x00000263       0x34 c:/freescale/kds_3.0.0/toolchain/bin/../lib/gcc/arm-none-eabi/4.8.4/../../../../arm-none-eabi/lib/armv7e-m/fpu\libnosys.a(_exit.o)
 .ARM.attributes
                0x00000297       0x22 c:/freescale/kds_3.0.0/toolchain/bin/../lib/gcc/arm-none-eabi/4.8.4/armv7e-m/fpu/crtn.o
OUTPUT(Lab1.elf elf32-littlearm)

.debug_info     0x00000000     0x132f
 .debug_info    0x00000000      0x1b6 ./Sources/FIFO.o
 .debug_info    0x000001b6      0x131 ./Sources/main.o
 .debug_info    0x000002e7      0x3b0 ./Project_Settings/Startup_Code/startup.o
 .debug_info    0x00000697      0xb89 ./Generated_Code/Cpu.o
 .debug_info    0x00001220      0x10f ./Generated_Code/Vectors.o

.debug_abbrev   0x00000000      0x52e
 .debug_abbrev  0x00000000       0xd3 ./Sources/FIFO.o
 .debug_abbrev  0x000000d3       0xa9 ./Sources/main.o
 .debug_abbrev  0x0000017c      0x189 ./Project_Settings/Startup_Code/startup.o
 .debug_abbrev  0x00000305      0x185 ./Generated_Code/Cpu.o
 .debug_abbrev  0x0000048a       0xa4 ./Generated_Code/Vectors.o

.debug_aranges  0x00000000       0xf0
 .debug_aranges
                0x00000000       0x30 ./Sources/FIFO.o
 .debug_aranges
                0x00000030       0x20 ./Sources/main.o
 .debug_aranges
                0x00000050       0x50 ./Project_Settings/Startup_Code/startup.o
 .debug_aranges
                0x000000a0       0x38 ./Generated_Code/Cpu.o
 .debug_aranges
                0x000000d8       0x18 ./Generated_Code/Vectors.o

.debug_ranges   0x00000000       0x98
 .debug_ranges  0x00000000       0x20 ./Sources/FIFO.o
 .debug_ranges  0x00000020       0x10 ./Sources/main.o
 .debug_ranges  0x00000030       0x40 ./Project_Settings/Startup_Code/startup.o
 .debug_ranges  0x00000070       0x28 ./Generated_Code/Cpu.o

.debug_macro    0x00000000    0x1a5a0
 .debug_macro   0x00000000       0x65 ./Sources/FIFO.o
 .debug_macro   0x00000065      0x850 ./Sources/FIFO.o
 .debug_macro   0x000008b5       0x16 ./Sources/FIFO.o
 .debug_macro   0x000008cb       0x44 ./Sources/FIFO.o
 .debug_macro   0x0000090f      0x209 ./Sources/FIFO.o
 .debug_macro   0x00000b18       0x22 ./Sources/FIFO.o
 .debug_macro   0x00000b3a       0xac ./Sources/main.o
 .debug_macro   0x00000be6     0x17fa ./Sources/main.o
 .debug_macro   0x000023e0      0x121 ./Project_Settings/Startup_Code/startup.o
 .debug_macro   0x00002501       0x58 ./Project_Settings/Startup_Code/startup.o
 .debug_macro   0x00002559       0x35 ./Project_Settings/Startup_Code/startup.o
 .debug_macro   0x0000258e       0xa3 ./Project_Settings/Startup_Code/startup.o
 .debug_macro   0x00002631      0x166 ./Project_Settings/Startup_Code/startup.o
 .debug_macro   0x00002797       0x4a ./Project_Settings/Startup_Code/startup.o
 .debug_macro   0x000027e1       0x52 ./Project_Settings/Startup_Code/startup.o
 .debug_macro   0x00002833       0x16 ./Project_Settings/Startup_Code/startup.o
 .debug_macro   0x00002849       0x43 ./Project_Settings/Startup_Code/startup.o
 .debug_macro   0x0000288c      0x180 ./Project_Settings/Startup_Code/startup.o
 .debug_macro   0x00002a0c      0x2a6 ./Project_Settings/Startup_Code/startup.o
 .debug_macro   0x00002cb2       0x10 ./Project_Settings/Startup_Code/startup.o
 .debug_macro   0x00002cc2       0x35 ./Project_Settings/Startup_Code/startup.o
 .debug_macro   0x00002cf7       0x16 ./Project_Settings/Startup_Code/startup.o
 .debug_macro   0x00002d0d       0x22 ./Project_Settings/Startup_Code/startup.o
 .debug_macro   0x00002d2f       0x16 ./Project_Settings/Startup_Code/startup.o
 .debug_macro   0x00002d45      0x20f ./Project_Settings/Startup_Code/startup.o
 .debug_macro   0x00002f54    0x174af ./Project_Settings/Startup_Code/startup.o
 .debug_macro   0x0001a403       0x84 ./Generated_Code/Cpu.o
 .debug_macro   0x0001a487       0x94 ./Generated_Code/Cpu.o
 .debug_macro   0x0001a51b       0x85 ./Generated_Code/Vectors.o

.debug_line     0x00000000      0xc2b
 .debug_line    0x00000000      0x1be ./Sources/FIFO.o
 .debug_line    0x000001be      0x264 ./Sources/main.o
 .debug_line    0x00000422      0x3be ./Project_Settings/Startup_Code/startup.o
 .debug_line    0x000007e0      0x261 ./Generated_Code/Cpu.o
 .debug_line    0x00000a41      0x1ea ./Generated_Code/Vectors.o

.debug_str      0x00000000    0x8cf25
 .debug_str     0x00000000     0x2e76 ./Sources/FIFO.o
                               0x2fe0 (size before relaxing)
 .debug_str     0x00002e76    0x876bb ./Sources/main.o
                              0x8a65a (size before relaxing)
 .debug_str     0x0008a531     0x2694 ./Project_Settings/Startup_Code/startup.o
                              0x853e5 (size before relaxing)
 .debug_str     0x0008cbc5      0x344 ./Generated_Code/Cpu.o
                              0x8a9b6 (size before relaxing)
 .debug_str     0x0008cf09       0x1c ./Generated_Code/Vectors.o
                              0x8a5fe (size before relaxing)

.comment        0x00000000       0x70
 .comment       0x00000000       0x70 ./Sources/FIFO.o
                                 0x71 (size before relaxing)
 .comment       0x00000000       0x71 ./Sources/main.o
 .comment       0x00000000       0x71 ./Project_Settings/Startup_Code/startup.o
 .comment       0x00000000       0x71 ./Generated_Code/Cpu.o
 .comment       0x00000000       0x71 ./Generated_Code/Vectors.o

.debug_frame    0x00000000      0x264
 .debug_frame   0x00000000       0x64 ./Sources/FIFO.o
 .debug_frame   0x00000064       0x2c ./Sources/main.o
 .debug_frame   0x00000090       0xc0 ./Project_Settings/Startup_Code/startup.o
 .debug_frame   0x00000150       0x80 ./Generated_Code/Cpu.o
 .debug_frame   0x000001d0       0x28 c:/freescale/kds_3.0.0/toolchain/bin/../lib/gcc/arm-none-eabi/4.8.4/../../../../arm-none-eabi/lib/armv7e-m/fpu\libg_s.a(lib_a-exit.o)
 .debug_frame   0x000001f8       0x2c c:/freescale/kds_3.0.0/toolchain/bin/../lib/gcc/arm-none-eabi/4.8.4/../../../../arm-none-eabi/lib/armv7e-m/fpu\libg_s.a(lib_a-init.o)
 .debug_frame   0x00000224       0x20 c:/freescale/kds_3.0.0/toolchain/bin/../lib/gcc/arm-none-eabi/4.8.4/../../../../arm-none-eabi/lib/armv7e-m/fpu\libg_s.a(lib_a-memset.o)
 .debug_frame   0x00000244       0x20 c:/freescale/kds_3.0.0/toolchain/bin/../lib/gcc/arm-none-eabi/4.8.4/../../../../arm-none-eabi/lib/armv7e-m/fpu\libnosys.a(_exit.o)
