Archive member included because of file (symbol)

C:\Users\11986282\Desktop\Lab4withLab3Lib\Library\libLab3.a(FTM.o)
                              ./Sources/main.o (FTM_Init)
C:\Users\11986282\Desktop\Lab4withLab3Lib\Library\libLab3.a(Flash.o)
                              ./Sources/main.o (Flash_Init)
C:\Users\11986282\Desktop\Lab4withLab3Lib\Library\libLab3.a(LEDs.o)
                              ./Sources/main.o (LEDs_Init)
C:\Users\11986282\Desktop\Lab4withLab3Lib\Library\libLab3.a(PIT.o)
                              ./Sources/main.o (PIT_Init)
C:\Users\11986282\Desktop\Lab4withLab3Lib\Library\libLab3.a(RTC.o)
                              ./Sources/main.o (RTC_Init)
C:\Users\11986282\Desktop\Lab4withLab3Lib\Library\libLab3.a(UART.o)
                              ./Generated_Code/Vectors.o (UART_ISR)
C:\Users\11986282\Desktop\Lab4withLab3Lib\Library\libLab3.a(packet.o)
                              ./Sources/main.o (Packet)
C:\Users\11986282\Desktop\Lab4withLab3Lib\Library\libLab3.a(FIFO.o)
                              C:\Users\11986282\Desktop\Lab4withLab3Lib\Library\libLab3.a(UART.o) (FIFO_Init)
c:/freescale/kds_3.0.0/toolchain/bin/../lib/gcc/arm-none-eabi/4.8.4/../../../../arm-none-eabi/lib/armv7e-m/fpu\libg_s.a(lib_a-exit.o)
                              c:/freescale/kds_3.0.0/toolchain/bin/../lib/gcc/arm-none-eabi/4.8.4/../../../../arm-none-eabi/lib/armv7e-m/fpu/crt0.o (exit)
c:/freescale/kds_3.0.0/toolchain/bin/../lib/gcc/arm-none-eabi/4.8.4/../../../../arm-none-eabi/lib/armv7e-m/fpu\libg_s.a(lib_a-impure.o)
                              c:/freescale/kds_3.0.0/toolchain/bin/../lib/gcc/arm-none-eabi/4.8.4/../../../../arm-none-eabi/lib/armv7e-m/fpu\libg_s.a(lib_a-exit.o) (_global_impure_ptr)
c:/freescale/kds_3.0.0/toolchain/bin/../lib/gcc/arm-none-eabi/4.8.4/../../../../arm-none-eabi/lib/armv7e-m/fpu\libg_s.a(lib_a-init.o)
                              c:/freescale/kds_3.0.0/toolchain/bin/../lib/gcc/arm-none-eabi/4.8.4/../../../../arm-none-eabi/lib/armv7e-m/fpu/crt0.o (__libc_init_array)
c:/freescale/kds_3.0.0/toolchain/bin/../lib/gcc/arm-none-eabi/4.8.4/../../../../arm-none-eabi/lib/armv7e-m/fpu\libg_s.a(lib_a-memset.o)
                              c:/freescale/kds_3.0.0/toolchain/bin/../lib/gcc/arm-none-eabi/4.8.4/../../../../arm-none-eabi/lib/armv7e-m/fpu/crt0.o (memset)
c:/freescale/kds_3.0.0/toolchain/bin/../lib/gcc/arm-none-eabi/4.8.4/../../../../arm-none-eabi/lib/armv7e-m/fpu\libnosys.a(_exit.o)
                              c:/freescale/kds_3.0.0/toolchain/bin/../lib/gcc/arm-none-eabi/4.8.4/../../../../arm-none-eabi/lib/armv7e-m/fpu\libg_s.a(lib_a-exit.o) (_exit)

Allocating common symbols
Common symbol       size              file

Packet              0x5               C:\Users\11986282\Desktop\Lab4withLab3Lib\Library\libLab3.a(packet.o)
SR_reg              0x1               ./Generated_Code/Cpu.o

Discarded input sections

 .text          0x00000000        0x0 c:/freescale/kds_3.0.0/toolchain/bin/../lib/gcc/arm-none-eabi/4.8.4/armv7e-m/fpu/crti.o
 .data          0x00000000        0x0 c:/freescale/kds_3.0.0/toolchain/bin/../lib/gcc/arm-none-eabi/4.8.4/armv7e-m/fpu/crti.o
 .bss           0x00000000        0x0 c:/freescale/kds_3.0.0/toolchain/bin/../lib/gcc/arm-none-eabi/4.8.4/armv7e-m/fpu/crti.o
 .data          0x00000000        0x4 c:/freescale/kds_3.0.0/toolchain/bin/../lib/gcc/arm-none-eabi/4.8.4/armv7e-m/fpu/crtbegin.o
 .data          0x00000000        0x0 c:/freescale/kds_3.0.0/toolchain/bin/../lib/gcc/arm-none-eabi/4.8.4/../../../../arm-none-eabi/lib/armv7e-m/fpu/crt0.o
 .bss           0x00000000        0x0 c:/freescale/kds_3.0.0/toolchain/bin/../lib/gcc/arm-none-eabi/4.8.4/../../../../arm-none-eabi/lib/armv7e-m/fpu/crt0.o
 .ARM.extab     0x00000000        0x0 c:/freescale/kds_3.0.0/toolchain/bin/../lib/gcc/arm-none-eabi/4.8.4/../../../../arm-none-eabi/lib/armv7e-m/fpu/crt0.o
 .group         0x00000000        0x8 ./Sources/SPI.o
 .text          0x00000000        0x0 ./Sources/SPI.o
 .data          0x00000000        0x0 ./Sources/SPI.o
 .bss           0x00000000        0x0 ./Sources/SPI.o
 .debug_info    0x00000000       0x21 ./Sources/SPI.o
 .debug_abbrev  0x00000000       0x13 ./Sources/SPI.o
 .debug_aranges
                0x00000000       0x18 ./Sources/SPI.o
 .debug_macro   0x00000000       0x11 ./Sources/SPI.o
 .debug_macro   0x00000000      0x850 ./Sources/SPI.o
 .debug_line    0x00000000       0x31 ./Sources/SPI.o
 .debug_str     0x00000000     0x241b ./Sources/SPI.o
 .comment       0x00000000       0x71 ./Sources/SPI.o
 .ARM.attributes
                0x00000000       0x39 ./Sources/SPI.o
 .group         0x00000000        0x8 ./Sources/analog.o
 .text          0x00000000        0x0 ./Sources/analog.o
 .data          0x00000000        0x0 ./Sources/analog.o
 .bss           0x00000000        0x0 ./Sources/analog.o
 .debug_info    0x00000000       0x21 ./Sources/analog.o
 .debug_abbrev  0x00000000       0x13 ./Sources/analog.o
 .debug_aranges
                0x00000000       0x18 ./Sources/analog.o
 .debug_macro   0x00000000       0x11 ./Sources/analog.o
 .debug_macro   0x00000000      0x850 ./Sources/analog.o
 .debug_line    0x00000000       0x34 ./Sources/analog.o
 .debug_str     0x00000000     0x241e ./Sources/analog.o
 .comment       0x00000000       0x71 ./Sources/analog.o
 .ARM.attributes
                0x00000000       0x39 ./Sources/analog.o
 .group         0x00000000        0x8 ./Sources/main.o
 .group         0x00000000        0x8 ./Sources/main.o
 .group         0x00000000        0x8 ./Sources/main.o
 .group         0x00000000        0x8 ./Sources/main.o
 .group         0x00000000        0x8 ./Sources/main.o
 .group         0x00000000        0x8 ./Sources/main.o
 .group         0x00000000        0x8 ./Sources/main.o
 .group         0x00000000        0x8 ./Sources/main.o
 .group         0x00000000        0x8 ./Sources/main.o
 .group         0x00000000        0x8 ./Sources/main.o
 .group         0x00000000        0x8 ./Sources/main.o
 .group         0x00000000        0x8 ./Sources/main.o
 .text          0x00000000        0x0 ./Sources/main.o
 .data          0x00000000        0x0 ./Sources/main.o
 .bss           0x00000000        0x0 ./Sources/main.o
 .rodata.BaudRate
                0x00000000        0x4 ./Sources/main.o
 .debug_macro   0x00000000      0x850 ./Sources/main.o
 .group         0x00000000        0x8 ./Sources/median.o
 .text          0x00000000        0x0 ./Sources/median.o
 .data          0x00000000        0x0 ./Sources/median.o
 .bss           0x00000000        0x0 ./Sources/median.o
 .debug_info    0x00000000       0x21 ./Sources/median.o
 .debug_abbrev  0x00000000       0x13 ./Sources/median.o
 .debug_aranges
                0x00000000       0x18 ./Sources/median.o
 .debug_macro   0x00000000       0x11 ./Sources/median.o
 .debug_macro   0x00000000      0x850 ./Sources/median.o
 .debug_line    0x00000000       0x34 ./Sources/median.o
 .debug_str     0x00000000     0x241e ./Sources/median.o
 .comment       0x00000000       0x71 ./Sources/median.o
 .ARM.attributes
                0x00000000       0x39 ./Sources/median.o
 .group         0x00000000        0x8 ./Project_Settings/Startup_Code/startup.o
 .group         0x00000000        0x8 ./Project_Settings/Startup_Code/startup.o
 .group         0x00000000        0x8 ./Project_Settings/Startup_Code/startup.o
 .group         0x00000000        0x8 ./Project_Settings/Startup_Code/startup.o
 .group         0x00000000        0x8 ./Project_Settings/Startup_Code/startup.o
 .group         0x00000000        0x8 ./Project_Settings/Startup_Code/startup.o
 .group         0x00000000        0x8 ./Project_Settings/Startup_Code/startup.o
 .group         0x00000000        0x8 ./Project_Settings/Startup_Code/startup.o
 .group         0x00000000        0x8 ./Project_Settings/Startup_Code/startup.o
 .group         0x00000000        0x8 ./Project_Settings/Startup_Code/startup.o
 .group         0x00000000        0x8 ./Project_Settings/Startup_Code/startup.o
 .group         0x00000000        0x8 ./Project_Settings/Startup_Code/startup.o
 .group         0x00000000        0x8 ./Project_Settings/Startup_Code/startup.o
 .group         0x00000000        0x8 ./Project_Settings/Startup_Code/startup.o
 .group         0x00000000        0x8 ./Project_Settings/Startup_Code/startup.o
 .group         0x00000000        0x8 ./Project_Settings/Startup_Code/startup.o
 .group         0x00000000        0x8 ./Project_Settings/Startup_Code/startup.o
 .group         0x00000000        0x8 ./Project_Settings/Startup_Code/startup.o
 .group         0x00000000        0x8 ./Project_Settings/Startup_Code/startup.o
 .text          0x00000000        0x0 ./Project_Settings/Startup_Code/startup.o
 .data          0x00000000        0x0 ./Project_Settings/Startup_Code/startup.o
 .bss           0x00000000        0x0 ./Project_Settings/Startup_Code/startup.o
 .text.__init_hardware
                0x00000000        0xc ./Project_Settings/Startup_Code/startup.o
 .text.__iar_program_start
                0x00000000        0xc ./Project_Settings/Startup_Code/startup.o
 .debug_macro   0x00000000      0x850 ./Project_Settings/Startup_Code/startup.o
 .debug_macro   0x00000000       0x16 ./Project_Settings/Startup_Code/startup.o
 .group         0x00000000        0x8 ./Generated_Code/Cpu.o
 .group         0x00000000        0x8 ./Generated_Code/Cpu.o
 .group         0x00000000        0x8 ./Generated_Code/Cpu.o
 .group         0x00000000        0x8 ./Generated_Code/Cpu.o
 .group         0x00000000        0x8 ./Generated_Code/Cpu.o
 .group         0x00000000        0x8 ./Generated_Code/Cpu.o
 .group         0x00000000        0x8 ./Generated_Code/Cpu.o
 .group         0x00000000        0x8 ./Generated_Code/Cpu.o
 .group         0x00000000        0x8 ./Generated_Code/Cpu.o
 .text          0x00000000        0x0 ./Generated_Code/Cpu.o
 .data          0x00000000        0x0 ./Generated_Code/Cpu.o
 .bss           0x00000000        0x0 ./Generated_Code/Cpu.o
 .debug_macro   0x00000000      0x850 ./Generated_Code/Cpu.o
 .debug_macro   0x00000000       0x16 ./Generated_Code/Cpu.o
 .debug_macro   0x00000000       0x44 ./Generated_Code/Cpu.o
 .debug_macro   0x00000000      0x209 ./Generated_Code/Cpu.o
 .debug_macro   0x00000000     0x1816 ./Generated_Code/Cpu.o
 .debug_macro   0x00000000      0x14e ./Generated_Code/Cpu.o
 .debug_macro   0x00000000       0x64 ./Generated_Code/Cpu.o
 .debug_macro   0x00000000    0x174c1 ./Generated_Code/Cpu.o
 .group         0x00000000        0x8 ./Generated_Code/Vectors.o
 .group         0x00000000        0x8 ./Generated_Code/Vectors.o
 .group         0x00000000        0x8 ./Generated_Code/Vectors.o
 .group         0x00000000        0x8 ./Generated_Code/Vectors.o
 .group         0x00000000        0x8 ./Generated_Code/Vectors.o
 .group         0x00000000        0x8 ./Generated_Code/Vectors.o
 .group         0x00000000        0x8 ./Generated_Code/Vectors.o
 .group         0x00000000        0x8 ./Generated_Code/Vectors.o
 .group         0x00000000        0x8 ./Generated_Code/Vectors.o
 .group         0x00000000        0x8 ./Generated_Code/Vectors.o
 .text          0x00000000        0x0 ./Generated_Code/Vectors.o
 .data          0x00000000        0x0 ./Generated_Code/Vectors.o
 .bss           0x00000000        0x0 ./Generated_Code/Vectors.o
 .debug_macro   0x00000000      0x850 ./Generated_Code/Vectors.o
 .debug_macro   0x00000000       0x16 ./Generated_Code/Vectors.o
 .debug_macro   0x00000000       0x44 ./Generated_Code/Vectors.o
 .debug_macro   0x00000000      0x209 ./Generated_Code/Vectors.o
 .debug_macro   0x00000000     0x1816 ./Generated_Code/Vectors.o
 .debug_macro   0x00000000      0x14e ./Generated_Code/Vectors.o
 .debug_macro   0x00000000       0x64 ./Generated_Code/Vectors.o
 .debug_macro   0x00000000    0x174c1 ./Generated_Code/Vectors.o
 .debug_macro   0x00000000       0x9a ./Generated_Code/Vectors.o
 .debug_macro   0x00000000       0x22 ./Generated_Code/Vectors.o
 .group         0x00000000        0x8 C:\Users\11986282\Desktop\Lab4withLab3Lib\Library\libLab3.a(FTM.o)
 .group         0x00000000        0x8 C:\Users\11986282\Desktop\Lab4withLab3Lib\Library\libLab3.a(FTM.o)
 .group         0x00000000        0x8 C:\Users\11986282\Desktop\Lab4withLab3Lib\Library\libLab3.a(FTM.o)
 .group         0x00000000        0x8 C:\Users\11986282\Desktop\Lab4withLab3Lib\Library\libLab3.a(FTM.o)
 .group         0x00000000        0x8 C:\Users\11986282\Desktop\Lab4withLab3Lib\Library\libLab3.a(FTM.o)
 .group         0x00000000        0x8 C:\Users\11986282\Desktop\Lab4withLab3Lib\Library\libLab3.a(FTM.o)
 .group         0x00000000        0x8 C:\Users\11986282\Desktop\Lab4withLab3Lib\Library\libLab3.a(FTM.o)
 .text          0x00000000        0x0 C:\Users\11986282\Desktop\Lab4withLab3Lib\Library\libLab3.a(FTM.o)
 .data          0x00000000        0x0 C:\Users\11986282\Desktop\Lab4withLab3Lib\Library\libLab3.a(FTM.o)
 .bss           0x00000000        0x0 C:\Users\11986282\Desktop\Lab4withLab3Lib\Library\libLab3.a(FTM.o)
 .debug_macro   0x00000000      0x850 C:\Users\11986282\Desktop\Lab4withLab3Lib\Library\libLab3.a(FTM.o)
 .debug_macro   0x00000000       0x16 C:\Users\11986282\Desktop\Lab4withLab3Lib\Library\libLab3.a(FTM.o)
 .debug_macro   0x00000000       0x44 C:\Users\11986282\Desktop\Lab4withLab3Lib\Library\libLab3.a(FTM.o)
 .debug_macro   0x00000000      0x209 C:\Users\11986282\Desktop\Lab4withLab3Lib\Library\libLab3.a(FTM.o)
 .debug_macro   0x00000000       0x22 C:\Users\11986282\Desktop\Lab4withLab3Lib\Library\libLab3.a(FTM.o)
 .debug_macro   0x00000000    0x174c1 C:\Users\11986282\Desktop\Lab4withLab3Lib\Library\libLab3.a(FTM.o)
 .group         0x00000000        0x8 C:\Users\11986282\Desktop\Lab4withLab3Lib\Library\libLab3.a(Flash.o)
 .group         0x00000000        0x8 C:\Users\11986282\Desktop\Lab4withLab3Lib\Library\libLab3.a(Flash.o)
 .group         0x00000000        0x8 C:\Users\11986282\Desktop\Lab4withLab3Lib\Library\libLab3.a(Flash.o)
 .group         0x00000000        0x8 C:\Users\11986282\Desktop\Lab4withLab3Lib\Library\libLab3.a(Flash.o)
 .group         0x00000000        0x8 C:\Users\11986282\Desktop\Lab4withLab3Lib\Library\libLab3.a(Flash.o)
 .group         0x00000000        0x8 C:\Users\11986282\Desktop\Lab4withLab3Lib\Library\libLab3.a(Flash.o)
 .group         0x00000000        0x8 C:\Users\11986282\Desktop\Lab4withLab3Lib\Library\libLab3.a(Flash.o)
 .group         0x00000000        0x8 C:\Users\11986282\Desktop\Lab4withLab3Lib\Library\libLab3.a(Flash.o)
 .text          0x00000000        0x0 C:\Users\11986282\Desktop\Lab4withLab3Lib\Library\libLab3.a(Flash.o)
 .data          0x00000000        0x0 C:\Users\11986282\Desktop\Lab4withLab3Lib\Library\libLab3.a(Flash.o)
 .bss           0x00000000        0x0 C:\Users\11986282\Desktop\Lab4withLab3Lib\Library\libLab3.a(Flash.o)
 .rodata.FCMD_PROGRAM_PHRASE
                0x00000000        0x1 C:\Users\11986282\Desktop\Lab4withLab3Lib\Library\libLab3.a(Flash.o)
 .rodata.FCMD_ERASE_BLOCK
                0x00000000        0x1 C:\Users\11986282\Desktop\Lab4withLab3Lib\Library\libLab3.a(Flash.o)
 .rodata.FCMD_ERASE_SECTOR
                0x00000000        0x1 C:\Users\11986282\Desktop\Lab4withLab3Lib\Library\libLab3.a(Flash.o)
 .debug_macro   0x00000000      0x850 C:\Users\11986282\Desktop\Lab4withLab3Lib\Library\libLab3.a(Flash.o)
 .debug_macro   0x00000000       0x16 C:\Users\11986282\Desktop\Lab4withLab3Lib\Library\libLab3.a(Flash.o)
 .debug_macro   0x00000000       0x44 C:\Users\11986282\Desktop\Lab4withLab3Lib\Library\libLab3.a(Flash.o)
 .debug_macro   0x00000000      0x209 C:\Users\11986282\Desktop\Lab4withLab3Lib\Library\libLab3.a(Flash.o)
 .debug_macro   0x00000000       0x22 C:\Users\11986282\Desktop\Lab4withLab3Lib\Library\libLab3.a(Flash.o)
 .debug_macro   0x00000000    0x174c1 C:\Users\11986282\Desktop\Lab4withLab3Lib\Library\libLab3.a(Flash.o)
 .debug_macro   0x00000000      0x166 C:\Users\11986282\Desktop\Lab4withLab3Lib\Library\libLab3.a(Flash.o)
 .group         0x00000000        0x8 C:\Users\11986282\Desktop\Lab4withLab3Lib\Library\libLab3.a(LEDs.o)
 .group         0x00000000        0x8 C:\Users\11986282\Desktop\Lab4withLab3Lib\Library\libLab3.a(LEDs.o)
 .group         0x00000000        0x8 C:\Users\11986282\Desktop\Lab4withLab3Lib\Library\libLab3.a(LEDs.o)
 .group         0x00000000        0x8 C:\Users\11986282\Desktop\Lab4withLab3Lib\Library\libLab3.a(LEDs.o)
 .group         0x00000000        0x8 C:\Users\11986282\Desktop\Lab4withLab3Lib\Library\libLab3.a(LEDs.o)
 .group         0x00000000        0x8 C:\Users\11986282\Desktop\Lab4withLab3Lib\Library\libLab3.a(LEDs.o)
 .text          0x00000000        0x0 C:\Users\11986282\Desktop\Lab4withLab3Lib\Library\libLab3.a(LEDs.o)
 .data          0x00000000        0x0 C:\Users\11986282\Desktop\Lab4withLab3Lib\Library\libLab3.a(LEDs.o)
 .bss           0x00000000        0x0 C:\Users\11986282\Desktop\Lab4withLab3Lib\Library\libLab3.a(LEDs.o)
 .text.LEDs_Off
                0x00000000       0x1c C:\Users\11986282\Desktop\Lab4withLab3Lib\Library\libLab3.a(LEDs.o)
 .debug_macro   0x00000000      0x850 C:\Users\11986282\Desktop\Lab4withLab3Lib\Library\libLab3.a(LEDs.o)
 .debug_macro   0x00000000       0x16 C:\Users\11986282\Desktop\Lab4withLab3Lib\Library\libLab3.a(LEDs.o)
 .debug_macro   0x00000000       0x44 C:\Users\11986282\Desktop\Lab4withLab3Lib\Library\libLab3.a(LEDs.o)
 .debug_macro   0x00000000      0x209 C:\Users\11986282\Desktop\Lab4withLab3Lib\Library\libLab3.a(LEDs.o)
 .debug_macro   0x00000000       0x22 C:\Users\11986282\Desktop\Lab4withLab3Lib\Library\libLab3.a(LEDs.o)
 .debug_macro   0x00000000    0x174c1 C:\Users\11986282\Desktop\Lab4withLab3Lib\Library\libLab3.a(LEDs.o)
 .group         0x00000000        0x8 C:\Users\11986282\Desktop\Lab4withLab3Lib\Library\libLab3.a(PIT.o)
 .group         0x00000000        0x8 C:\Users\11986282\Desktop\Lab4withLab3Lib\Library\libLab3.a(PIT.o)
 .group         0x00000000        0x8 C:\Users\11986282\Desktop\Lab4withLab3Lib\Library\libLab3.a(PIT.o)
 .group         0x00000000        0x8 C:\Users\11986282\Desktop\Lab4withLab3Lib\Library\libLab3.a(PIT.o)
 .group         0x00000000        0x8 C:\Users\11986282\Desktop\Lab4withLab3Lib\Library\libLab3.a(PIT.o)
 .group         0x00000000        0x8 C:\Users\11986282\Desktop\Lab4withLab3Lib\Library\libLab3.a(PIT.o)
 .text          0x00000000        0x0 C:\Users\11986282\Desktop\Lab4withLab3Lib\Library\libLab3.a(PIT.o)
 .data          0x00000000        0x0 C:\Users\11986282\Desktop\Lab4withLab3Lib\Library\libLab3.a(PIT.o)
 .bss           0x00000000        0x0 C:\Users\11986282\Desktop\Lab4withLab3Lib\Library\libLab3.a(PIT.o)
 .debug_macro   0x00000000      0x850 C:\Users\11986282\Desktop\Lab4withLab3Lib\Library\libLab3.a(PIT.o)
 .debug_macro   0x00000000       0x16 C:\Users\11986282\Desktop\Lab4withLab3Lib\Library\libLab3.a(PIT.o)
 .debug_macro   0x00000000       0x44 C:\Users\11986282\Desktop\Lab4withLab3Lib\Library\libLab3.a(PIT.o)
 .debug_macro   0x00000000      0x209 C:\Users\11986282\Desktop\Lab4withLab3Lib\Library\libLab3.a(PIT.o)
 .debug_macro   0x00000000       0x22 C:\Users\11986282\Desktop\Lab4withLab3Lib\Library\libLab3.a(PIT.o)
 .debug_macro   0x00000000    0x174c1 C:\Users\11986282\Desktop\Lab4withLab3Lib\Library\libLab3.a(PIT.o)
 .group         0x00000000        0x8 C:\Users\11986282\Desktop\Lab4withLab3Lib\Library\libLab3.a(RTC.o)
 .group         0x00000000        0x8 C:\Users\11986282\Desktop\Lab4withLab3Lib\Library\libLab3.a(RTC.o)
 .group         0x00000000        0x8 C:\Users\11986282\Desktop\Lab4withLab3Lib\Library\libLab3.a(RTC.o)
 .group         0x00000000        0x8 C:\Users\11986282\Desktop\Lab4withLab3Lib\Library\libLab3.a(RTC.o)
 .group         0x00000000        0x8 C:\Users\11986282\Desktop\Lab4withLab3Lib\Library\libLab3.a(RTC.o)
 .group         0x00000000        0x8 C:\Users\11986282\Desktop\Lab4withLab3Lib\Library\libLab3.a(RTC.o)
 .group         0x00000000        0x8 C:\Users\11986282\Desktop\Lab4withLab3Lib\Library\libLab3.a(RTC.o)
 .group         0x00000000        0x8 C:\Users\11986282\Desktop\Lab4withLab3Lib\Library\libLab3.a(RTC.o)
 .group         0x00000000        0x8 C:\Users\11986282\Desktop\Lab4withLab3Lib\Library\libLab3.a(RTC.o)
 .group         0x00000000        0x8 C:\Users\11986282\Desktop\Lab4withLab3Lib\Library\libLab3.a(RTC.o)
 .text          0x00000000        0x0 C:\Users\11986282\Desktop\Lab4withLab3Lib\Library\libLab3.a(RTC.o)
 .data          0x00000000        0x0 C:\Users\11986282\Desktop\Lab4withLab3Lib\Library\libLab3.a(RTC.o)
 .bss           0x00000000        0x0 C:\Users\11986282\Desktop\Lab4withLab3Lib\Library\libLab3.a(RTC.o)
 .debug_macro   0x00000000      0x850 C:\Users\11986282\Desktop\Lab4withLab3Lib\Library\libLab3.a(RTC.o)
 .debug_macro   0x00000000       0x16 C:\Users\11986282\Desktop\Lab4withLab3Lib\Library\libLab3.a(RTC.o)
 .debug_macro   0x00000000       0x44 C:\Users\11986282\Desktop\Lab4withLab3Lib\Library\libLab3.a(RTC.o)
 .debug_macro   0x00000000      0x209 C:\Users\11986282\Desktop\Lab4withLab3Lib\Library\libLab3.a(RTC.o)
 .debug_macro   0x00000000       0x22 C:\Users\11986282\Desktop\Lab4withLab3Lib\Library\libLab3.a(RTC.o)
 .debug_macro   0x00000000    0x174c1 C:\Users\11986282\Desktop\Lab4withLab3Lib\Library\libLab3.a(RTC.o)
 .debug_macro   0x00000000     0x1800 C:\Users\11986282\Desktop\Lab4withLab3Lib\Library\libLab3.a(RTC.o)
 .debug_macro   0x00000000      0x14e C:\Users\11986282\Desktop\Lab4withLab3Lib\Library\libLab3.a(RTC.o)
 .debug_macro   0x00000000       0x64 C:\Users\11986282\Desktop\Lab4withLab3Lib\Library\libLab3.a(RTC.o)
 .group         0x00000000        0x8 C:\Users\11986282\Desktop\Lab4withLab3Lib\Library\libLab3.a(UART.o)
 .group         0x00000000        0x8 C:\Users\11986282\Desktop\Lab4withLab3Lib\Library\libLab3.a(UART.o)
 .group         0x00000000        0x8 C:\Users\11986282\Desktop\Lab4withLab3Lib\Library\libLab3.a(UART.o)
 .group         0x00000000        0x8 C:\Users\11986282\Desktop\Lab4withLab3Lib\Library\libLab3.a(UART.o)
 .group         0x00000000        0x8 C:\Users\11986282\Desktop\Lab4withLab3Lib\Library\libLab3.a(UART.o)
 .group         0x00000000        0x8 C:\Users\11986282\Desktop\Lab4withLab3Lib\Library\libLab3.a(UART.o)
 .group         0x00000000        0x8 C:\Users\11986282\Desktop\Lab4withLab3Lib\Library\libLab3.a(UART.o)
 .group         0x00000000        0x8 C:\Users\11986282\Desktop\Lab4withLab3Lib\Library\libLab3.a(UART.o)
 .group         0x00000000        0x8 C:\Users\11986282\Desktop\Lab4withLab3Lib\Library\libLab3.a(UART.o)
 .group         0x00000000        0x8 C:\Users\11986282\Desktop\Lab4withLab3Lib\Library\libLab3.a(UART.o)
 .group         0x00000000        0x8 C:\Users\11986282\Desktop\Lab4withLab3Lib\Library\libLab3.a(UART.o)
 .text          0x00000000        0x0 C:\Users\11986282\Desktop\Lab4withLab3Lib\Library\libLab3.a(UART.o)
 .data          0x00000000        0x0 C:\Users\11986282\Desktop\Lab4withLab3Lib\Library\libLab3.a(UART.o)
 .bss           0x00000000        0x0 C:\Users\11986282\Desktop\Lab4withLab3Lib\Library\libLab3.a(UART.o)
 .text.UART_Poll
                0x00000000       0x48 C:\Users\11986282\Desktop\Lab4withLab3Lib\Library\libLab3.a(UART.o)
 .debug_macro   0x00000000      0x850 C:\Users\11986282\Desktop\Lab4withLab3Lib\Library\libLab3.a(UART.o)
 .debug_macro   0x00000000       0x16 C:\Users\11986282\Desktop\Lab4withLab3Lib\Library\libLab3.a(UART.o)
 .debug_macro   0x00000000       0x44 C:\Users\11986282\Desktop\Lab4withLab3Lib\Library\libLab3.a(UART.o)
 .debug_macro   0x00000000      0x209 C:\Users\11986282\Desktop\Lab4withLab3Lib\Library\libLab3.a(UART.o)
 .debug_macro   0x00000000       0x22 C:\Users\11986282\Desktop\Lab4withLab3Lib\Library\libLab3.a(UART.o)
 .debug_macro   0x00000000    0x174c1 C:\Users\11986282\Desktop\Lab4withLab3Lib\Library\libLab3.a(UART.o)
 .debug_macro   0x00000000     0x1800 C:\Users\11986282\Desktop\Lab4withLab3Lib\Library\libLab3.a(UART.o)
 .debug_macro   0x00000000      0x14e C:\Users\11986282\Desktop\Lab4withLab3Lib\Library\libLab3.a(UART.o)
 .debug_macro   0x00000000       0x64 C:\Users\11986282\Desktop\Lab4withLab3Lib\Library\libLab3.a(UART.o)
 .debug_macro   0x00000000       0x94 C:\Users\11986282\Desktop\Lab4withLab3Lib\Library\libLab3.a(UART.o)
 .group         0x00000000        0x8 C:\Users\11986282\Desktop\Lab4withLab3Lib\Library\libLab3.a(packet.o)
 .group         0x00000000        0x8 C:\Users\11986282\Desktop\Lab4withLab3Lib\Library\libLab3.a(packet.o)
 .group         0x00000000        0x8 C:\Users\11986282\Desktop\Lab4withLab3Lib\Library\libLab3.a(packet.o)
 .group         0x00000000        0x8 C:\Users\11986282\Desktop\Lab4withLab3Lib\Library\libLab3.a(packet.o)
 .group         0x00000000        0x8 C:\Users\11986282\Desktop\Lab4withLab3Lib\Library\libLab3.a(packet.o)
 .group         0x00000000        0x8 C:\Users\11986282\Desktop\Lab4withLab3Lib\Library\libLab3.a(packet.o)
 .text          0x00000000        0x0 C:\Users\11986282\Desktop\Lab4withLab3Lib\Library\libLab3.a(packet.o)
 .data          0x00000000        0x0 C:\Users\11986282\Desktop\Lab4withLab3Lib\Library\libLab3.a(packet.o)
 .bss           0x00000000        0x0 C:\Users\11986282\Desktop\Lab4withLab3Lib\Library\libLab3.a(packet.o)
 .rodata.NB_BYTES_PER_PACKET
                0x00000000        0x1 C:\Users\11986282\Desktop\Lab4withLab3Lib\Library\libLab3.a(packet.o)
 .rodata.PACKET_ACK_MASK
                0x00000000        0x1 C:\Users\11986282\Desktop\Lab4withLab3Lib\Library\libLab3.a(packet.o)
 .debug_macro   0x00000000      0x850 C:\Users\11986282\Desktop\Lab4withLab3Lib\Library\libLab3.a(packet.o)
 .debug_macro   0x00000000       0x16 C:\Users\11986282\Desktop\Lab4withLab3Lib\Library\libLab3.a(packet.o)
 .debug_macro   0x00000000       0x44 C:\Users\11986282\Desktop\Lab4withLab3Lib\Library\libLab3.a(packet.o)
 .debug_macro   0x00000000      0x209 C:\Users\11986282\Desktop\Lab4withLab3Lib\Library\libLab3.a(packet.o)
 .debug_macro   0x00000000       0x22 C:\Users\11986282\Desktop\Lab4withLab3Lib\Library\libLab3.a(packet.o)
 .group         0x00000000        0x8 C:\Users\11986282\Desktop\Lab4withLab3Lib\Library\libLab3.a(FIFO.o)
 .group         0x00000000        0x8 C:\Users\11986282\Desktop\Lab4withLab3Lib\Library\libLab3.a(FIFO.o)
 .group         0x00000000        0x8 C:\Users\11986282\Desktop\Lab4withLab3Lib\Library\libLab3.a(FIFO.o)
 .group         0x00000000        0x8 C:\Users\11986282\Desktop\Lab4withLab3Lib\Library\libLab3.a(FIFO.o)
 .group         0x00000000        0x8 C:\Users\11986282\Desktop\Lab4withLab3Lib\Library\libLab3.a(FIFO.o)
 .group         0x00000000        0x8 C:\Users\11986282\Desktop\Lab4withLab3Lib\Library\libLab3.a(FIFO.o)
 .group         0x00000000        0x8 C:\Users\11986282\Desktop\Lab4withLab3Lib\Library\libLab3.a(FIFO.o)
 .group         0x00000000        0x8 C:\Users\11986282\Desktop\Lab4withLab3Lib\Library\libLab3.a(FIFO.o)
 .group         0x00000000        0x8 C:\Users\11986282\Desktop\Lab4withLab3Lib\Library\libLab3.a(FIFO.o)
 .group         0x00000000        0x8 C:\Users\11986282\Desktop\Lab4withLab3Lib\Library\libLab3.a(FIFO.o)
 .text          0x00000000        0x0 C:\Users\11986282\Desktop\Lab4withLab3Lib\Library\libLab3.a(FIFO.o)
 .data          0x00000000        0x0 C:\Users\11986282\Desktop\Lab4withLab3Lib\Library\libLab3.a(FIFO.o)
 .bss           0x00000000        0x0 C:\Users\11986282\Desktop\Lab4withLab3Lib\Library\libLab3.a(FIFO.o)
 .debug_macro   0x00000000      0x850 C:\Users\11986282\Desktop\Lab4withLab3Lib\Library\libLab3.a(FIFO.o)
 .debug_macro   0x00000000       0x16 C:\Users\11986282\Desktop\Lab4withLab3Lib\Library\libLab3.a(FIFO.o)
 .debug_macro   0x00000000       0x44 C:\Users\11986282\Desktop\Lab4withLab3Lib\Library\libLab3.a(FIFO.o)
 .debug_macro   0x00000000      0x209 C:\Users\11986282\Desktop\Lab4withLab3Lib\Library\libLab3.a(FIFO.o)
 .debug_macro   0x00000000       0x22 C:\Users\11986282\Desktop\Lab4withLab3Lib\Library\libLab3.a(FIFO.o)
 .debug_macro   0x00000000     0x1800 C:\Users\11986282\Desktop\Lab4withLab3Lib\Library\libLab3.a(FIFO.o)
 .debug_macro   0x00000000      0x14e C:\Users\11986282\Desktop\Lab4withLab3Lib\Library\libLab3.a(FIFO.o)
 .debug_macro   0x00000000       0x64 C:\Users\11986282\Desktop\Lab4withLab3Lib\Library\libLab3.a(FIFO.o)
 .debug_macro   0x00000000    0x174c1 C:\Users\11986282\Desktop\Lab4withLab3Lib\Library\libLab3.a(FIFO.o)
 .debug_macro   0x00000000       0x94 C:\Users\11986282\Desktop\Lab4withLab3Lib\Library\libLab3.a(FIFO.o)
 .text          0x00000000        0x0 c:/freescale/kds_3.0.0/toolchain/bin/../lib/gcc/arm-none-eabi/4.8.4/../../../../arm-none-eabi/lib/armv7e-m/fpu\libg_s.a(lib_a-exit.o)
 .data          0x00000000        0x0 c:/freescale/kds_3.0.0/toolchain/bin/../lib/gcc/arm-none-eabi/4.8.4/../../../../arm-none-eabi/lib/armv7e-m/fpu\libg_s.a(lib_a-exit.o)
 .bss           0x00000000        0x0 c:/freescale/kds_3.0.0/toolchain/bin/../lib/gcc/arm-none-eabi/4.8.4/../../../../arm-none-eabi/lib/armv7e-m/fpu\libg_s.a(lib_a-exit.o)
 .text          0x00000000        0x0 c:/freescale/kds_3.0.0/toolchain/bin/../lib/gcc/arm-none-eabi/4.8.4/../../../../arm-none-eabi/lib/armv7e-m/fpu\libg_s.a(lib_a-impure.o)
 .data          0x00000000        0x0 c:/freescale/kds_3.0.0/toolchain/bin/../lib/gcc/arm-none-eabi/4.8.4/../../../../arm-none-eabi/lib/armv7e-m/fpu\libg_s.a(lib_a-impure.o)
 .bss           0x00000000        0x0 c:/freescale/kds_3.0.0/toolchain/bin/../lib/gcc/arm-none-eabi/4.8.4/../../../../arm-none-eabi/lib/armv7e-m/fpu\libg_s.a(lib_a-impure.o)
 .data._impure_ptr
                0x00000000        0x4 c:/freescale/kds_3.0.0/toolchain/bin/../lib/gcc/arm-none-eabi/4.8.4/../../../../arm-none-eabi/lib/armv7e-m/fpu\libg_s.a(lib_a-impure.o)
 .text          0x00000000        0x0 c:/freescale/kds_3.0.0/toolchain/bin/../lib/gcc/arm-none-eabi/4.8.4/../../../../arm-none-eabi/lib/armv7e-m/fpu\libg_s.a(lib_a-init.o)
 .data          0x00000000        0x0 c:/freescale/kds_3.0.0/toolchain/bin/../lib/gcc/arm-none-eabi/4.8.4/../../../../arm-none-eabi/lib/armv7e-m/fpu\libg_s.a(lib_a-init.o)
 .bss           0x00000000        0x0 c:/freescale/kds_3.0.0/toolchain/bin/../lib/gcc/arm-none-eabi/4.8.4/../../../../arm-none-eabi/lib/armv7e-m/fpu\libg_s.a(lib_a-init.o)
 .text          0x00000000        0x0 c:/freescale/kds_3.0.0/toolchain/bin/../lib/gcc/arm-none-eabi/4.8.4/../../../../arm-none-eabi/lib/armv7e-m/fpu\libg_s.a(lib_a-memset.o)
 .data          0x00000000        0x0 c:/freescale/kds_3.0.0/toolchain/bin/../lib/gcc/arm-none-eabi/4.8.4/../../../../arm-none-eabi/lib/armv7e-m/fpu\libg_s.a(lib_a-memset.o)
 .bss           0x00000000        0x0 c:/freescale/kds_3.0.0/toolchain/bin/../lib/gcc/arm-none-eabi/4.8.4/../../../../arm-none-eabi/lib/armv7e-m/fpu\libg_s.a(lib_a-memset.o)
 .text          0x00000000        0x0 c:/freescale/kds_3.0.0/toolchain/bin/../lib/gcc/arm-none-eabi/4.8.4/../../../../arm-none-eabi/lib/armv7e-m/fpu\libnosys.a(_exit.o)
 .data          0x00000000        0x0 c:/freescale/kds_3.0.0/toolchain/bin/../lib/gcc/arm-none-eabi/4.8.4/../../../../arm-none-eabi/lib/armv7e-m/fpu\libnosys.a(_exit.o)
 .bss           0x00000000        0x0 c:/freescale/kds_3.0.0/toolchain/bin/../lib/gcc/arm-none-eabi/4.8.4/../../../../arm-none-eabi/lib/armv7e-m/fpu\libnosys.a(_exit.o)
 .text          0x00000000        0x0 c:/freescale/kds_3.0.0/toolchain/bin/../lib/gcc/arm-none-eabi/4.8.4/armv7e-m/fpu/crtend.o
 .data          0x00000000        0x0 c:/freescale/kds_3.0.0/toolchain/bin/../lib/gcc/arm-none-eabi/4.8.4/armv7e-m/fpu/crtend.o
 .bss           0x00000000        0x0 c:/freescale/kds_3.0.0/toolchain/bin/../lib/gcc/arm-none-eabi/4.8.4/armv7e-m/fpu/crtend.o
 .eh_frame      0x00000000        0x4 c:/freescale/kds_3.0.0/toolchain/bin/../lib/gcc/arm-none-eabi/4.8.4/armv7e-m/fpu/crtend.o
 .jcr           0x00000000        0x4 c:/freescale/kds_3.0.0/toolchain/bin/../lib/gcc/arm-none-eabi/4.8.4/armv7e-m/fpu/crtend.o
 .ARM.attributes
                0x00000000       0x34 c:/freescale/kds_3.0.0/toolchain/bin/../lib/gcc/arm-none-eabi/4.8.4/armv7e-m/fpu/crtend.o
 .text          0x00000000        0x0 c:/freescale/kds_3.0.0/toolchain/bin/../lib/gcc/arm-none-eabi/4.8.4/armv7e-m/fpu/crtn.o
 .data          0x00000000        0x0 c:/freescale/kds_3.0.0/toolchain/bin/../lib/gcc/arm-none-eabi/4.8.4/armv7e-m/fpu/crtn.o
 .bss           0x00000000        0x0 c:/freescale/kds_3.0.0/toolchain/bin/../lib/gcc/arm-none-eabi/4.8.4/armv7e-m/fpu/crtn.o

Memory Configuration

Name             Origin             Length             Attributes
m_interrupts     0x00000000         0x000001e8         xr
m_text           0x00000410         0x0007fbf0         xr
m_data           0x1fff0000         0x00010000         rw
m_data_20000000  0x20000000         0x00010000         rw
m_cfmprotrom     0x00000400         0x00000010         xr
*default*        0x00000000         0xffffffff

Linker script and memory map

LOAD c:/freescale/kds_3.0.0/toolchain/bin/../lib/gcc/arm-none-eabi/4.8.4/armv7e-m/fpu/crti.o
LOAD c:/freescale/kds_3.0.0/toolchain/bin/../lib/gcc/arm-none-eabi/4.8.4/armv7e-m/fpu/crtbegin.o
LOAD c:/freescale/kds_3.0.0/toolchain/bin/../lib/gcc/arm-none-eabi/4.8.4/../../../../arm-none-eabi/lib/armv7e-m/fpu/crt0.o
LOAD ./Sources/SPI.o
LOAD ./Sources/analog.o
LOAD ./Sources/main.o
LOAD ./Sources/median.o
LOAD ./Project_Settings/Startup_Code/startup.o
LOAD ./Generated_Code/Cpu.o
LOAD ./Generated_Code/Vectors.o
LOAD C:\Users\11986282\Desktop\Lab4withLab3Lib\Library\libLab3.a
LOAD c:/freescale/kds_3.0.0/toolchain/bin/../lib/gcc/arm-none-eabi/4.8.4/../../../../arm-none-eabi/lib/armv7e-m/fpu\libstdc++_s.a
LOAD c:/freescale/kds_3.0.0/toolchain/bin/../lib/gcc/arm-none-eabi/4.8.4/../../../../arm-none-eabi/lib/armv7e-m/fpu\libm.a
START GROUP
LOAD c:/freescale/kds_3.0.0/toolchain/bin/../lib/gcc/arm-none-eabi/4.8.4/armv7e-m/fpu\libgcc.a
LOAD c:/freescale/kds_3.0.0/toolchain/bin/../lib/gcc/arm-none-eabi/4.8.4/../../../../arm-none-eabi/lib/armv7e-m/fpu\libg_s.a
LOAD c:/freescale/kds_3.0.0/toolchain/bin/../lib/gcc/arm-none-eabi/4.8.4/../../../../arm-none-eabi/lib/armv7e-m/fpu\libc_s.a
END GROUP
START GROUP
LOAD c:/freescale/kds_3.0.0/toolchain/bin/../lib/gcc/arm-none-eabi/4.8.4/armv7e-m/fpu\libgcc.a
LOAD c:/freescale/kds_3.0.0/toolchain/bin/../lib/gcc/arm-none-eabi/4.8.4/../../../../arm-none-eabi/lib/armv7e-m/fpu\libc_s.a
LOAD c:/freescale/kds_3.0.0/toolchain/bin/../lib/gcc/arm-none-eabi/4.8.4/../../../../arm-none-eabi/lib/armv7e-m/fpu\libnosys.a
END GROUP
START GROUP
LOAD c:/freescale/kds_3.0.0/toolchain/bin/../lib/gcc/arm-none-eabi/4.8.4/armv7e-m/fpu\libgcc.a
LOAD c:/freescale/kds_3.0.0/toolchain/bin/../lib/gcc/arm-none-eabi/4.8.4/../../../../arm-none-eabi/lib/armv7e-m/fpu\libc_s.a
LOAD c:/freescale/kds_3.0.0/toolchain/bin/../lib/gcc/arm-none-eabi/4.8.4/../../../../arm-none-eabi/lib/armv7e-m/fpu\libnosys.a
END GROUP
LOAD c:/freescale/kds_3.0.0/toolchain/bin/../lib/gcc/arm-none-eabi/4.8.4/armv7e-m/fpu/crtend.o
LOAD c:/freescale/kds_3.0.0/toolchain/bin/../lib/gcc/arm-none-eabi/4.8.4/armv7e-m/fpu/crtn.o
                0x20000000                _estack = 0x20000000
                0x20000000                __SP_INIT = _estack
                0x20000000                __stack = _estack
                0x00000000                __heap_size = 0x0
                0x00000400                __stack_size = 0x400

.interrupts     0x00000000      0x1e8
                0x00000000                __vector_table = .
                0x00000000                . = ALIGN (0x4)
 *(.vectortable)
 .vectortable   0x00000000      0x1e8 ./Generated_Code/Vectors.o
                0x00000000                __vect_table
                0x000001e8                . = ALIGN (0x4)

.cfmprotect     0x00000400       0x10
                0x00000400                . = ALIGN (0x4)
 *(.cfmconfig)
 .cfmconfig     0x00000400       0x10 ./Generated_Code/Cpu.o
                0x00000400                _cfm
                0x00000410                . = ALIGN (0x4)

.text           0x00000410     0x1e04
                0x00000410                . = ALIGN (0x4)
 *(.text)
 .text          0x00000410       0x54 c:/freescale/kds_3.0.0/toolchain/bin/../lib/gcc/arm-none-eabi/4.8.4/armv7e-m/fpu/crtbegin.o
 .text          0x00000464       0x74 c:/freescale/kds_3.0.0/toolchain/bin/../lib/gcc/arm-none-eabi/4.8.4/../../../../arm-none-eabi/lib/armv7e-m/fpu/crt0.o
                0x00000464                _start
                0x00000464                _mainCRTStartup
 *(.text*)
 .text.PITCallBack
                0x000004d8       0x18 ./Sources/main.o
 .text.RTCCallBack
                0x000004f0       0x38 ./Sources/main.o
 .text.FTMCallBack
                0x00000528       0x18 ./Sources/main.o
 .text.TowerStartup
                0x00000540      0x190 ./Sources/main.o
 .text.SetTime  0x000006d0       0x40 ./Sources/main.o
 .text.TowerVersion
                0x00000710       0x20 ./Sources/main.o
 .text.StartUpPackets
                0x00000730       0x94 ./Sources/main.o
 .text.TowerNb  0x000007c4       0x64 ./Sources/main.o
 .text.FlashPrg
                0x00000828       0x50 ./Sources/main.o
 .text.FlashRead
                0x00000878       0x50 ./Sources/main.o
 .text.TowerMd  0x000008c8       0x60 ./Sources/main.o
 .text.Packet_Handle
                0x00000928      0x128 ./Sources/main.o
                0x00000928                Packet_Handle
 .text.main     0x00000a50       0x50 ./Sources/main.o
                0x00000a50                main
 .text.__copy_rom_section
                0x00000aa0       0xe4 ./Project_Settings/Startup_Code/startup.o
                0x00000aa0                __copy_rom_section
 .text.__copy_rom_sections_to_ram
                0x00000b84       0x9c ./Project_Settings/Startup_Code/startup.o
                0x00000b84                __copy_rom_sections_to_ram
 .text.__init_registers
                0x00000c20       0x20 ./Project_Settings/Startup_Code/startup.o
                0x00000c20                __init_registers
 .text.__init_user
                0x00000c40        0xc ./Project_Settings/Startup_Code/startup.o
                0x00000c40                __init_user
 .text.__thumb_startup
                0x00000c4c       0x34 ./Project_Settings/Startup_Code/startup.o
                0x00000c4c                __thumb_startup
 .text.Cpu_Interrupt
                0x00000c80       0x18 ./Generated_Code/Cpu.o
                0x00000c80                Cpu_Interrupt
 .text.__init_hardware
                0x00000c98      0x1cc ./Generated_Code/Cpu.o
                0x00000c98                __init_hardware
 .text.Cpu_SetBASEPRI
                0x00000e64       0x18 ./Generated_Code/Cpu.o
                0x00000e64                Cpu_SetBASEPRI
 .text.PE_low_level_init
                0x00000e7c       0xe4 ./Generated_Code/Cpu.o
                0x00000e7c                PE_low_level_init
 .text.FTM_Init
                0x00000f60       0x98 C:\Users\11986282\Desktop\Lab4withLab3Lib\Library\libLab3.a(FTM.o)
                0x00000f60                FTM_Init
 .text.FTM_Set  0x00000ff8       0xf0 C:\Users\11986282\Desktop\Lab4withLab3Lib\Library\libLab3.a(FTM.o)
                0x00000ff8                FTM_Set
 .text.FTM_StartTimer
                0x000010e8       0x8c C:\Users\11986282\Desktop\Lab4withLab3Lib\Library\libLab3.a(FTM.o)
                0x000010e8                FTM_StartTimer
 .text.FTM0_ISR
                0x00001174       0xb8 C:\Users\11986282\Desktop\Lab4withLab3Lib\Library\libLab3.a(FTM.o)
                0x00001174                FTM0_ISR
 .text.LaunchCommand
                0x0000122c       0x60 C:\Users\11986282\Desktop\Lab4withLab3Lib\Library\libLab3.a(Flash.o)
 .text.WritePhrase
                0x0000128c       0x94 C:\Users\11986282\Desktop\Lab4withLab3Lib\Library\libLab3.a(Flash.o)
 .text.EraseSector
                0x00001320       0x74 C:\Users\11986282\Desktop\Lab4withLab3Lib\Library\libLab3.a(Flash.o)
 .text.ModifyPhrase
                0x00001394       0x34 C:\Users\11986282\Desktop\Lab4withLab3Lib\Library\libLab3.a(Flash.o)
 .text.Flash_Init
                0x000013c8       0x28 C:\Users\11986282\Desktop\Lab4withLab3Lib\Library\libLab3.a(Flash.o)
                0x000013c8                Flash_Init
 .text.Flash_AllocateVar
                0x000013f0       0x9c C:\Users\11986282\Desktop\Lab4withLab3Lib\Library\libLab3.a(Flash.o)
                0x000013f0                Flash_AllocateVar
 .text.Flash_Write32
                0x0000148c       0x64 C:\Users\11986282\Desktop\Lab4withLab3Lib\Library\libLab3.a(Flash.o)
                0x0000148c                Flash_Write32
 .text.Flash_Write16
                0x000014f0       0x64 C:\Users\11986282\Desktop\Lab4withLab3Lib\Library\libLab3.a(Flash.o)
                0x000014f0                Flash_Write16
 .text.Flash_Write8
                0x00001554       0x4c C:\Users\11986282\Desktop\Lab4withLab3Lib\Library\libLab3.a(Flash.o)
                0x00001554                Flash_Write8
 .text.Flash_Erase
                0x000015a0       0x1c C:\Users\11986282\Desktop\Lab4withLab3Lib\Library\libLab3.a(Flash.o)
                0x000015a0                Flash_Erase
 .text.LEDs_Init
                0x000015bc       0x70 C:\Users\11986282\Desktop\Lab4withLab3Lib\Library\libLab3.a(LEDs.o)
                0x000015bc                LEDs_Init
 .text.LEDs_On  0x0000162c       0x1c C:\Users\11986282\Desktop\Lab4withLab3Lib\Library\libLab3.a(LEDs.o)
                0x0000162c                LEDs_On
 .text.LEDs_Toggle
                0x00001648       0x1c C:\Users\11986282\Desktop\Lab4withLab3Lib\Library\libLab3.a(LEDs.o)
                0x00001648                LEDs_Toggle
 .text.PIT_Init
                0x00001664       0x98 C:\Users\11986282\Desktop\Lab4withLab3Lib\Library\libLab3.a(PIT.o)
                0x00001664                PIT_Init
 .text.PIT_Set  0x000016fc       0x68 C:\Users\11986282\Desktop\Lab4withLab3Lib\Library\libLab3.a(PIT.o)
                0x000016fc                PIT_Set
 .text.PIT_Enable
                0x00001764       0x40 C:\Users\11986282\Desktop\Lab4withLab3Lib\Library\libLab3.a(PIT.o)
                0x00001764                PIT_Enable
 .text.PIT_ISR  0x000017a4       0x40 C:\Users\11986282\Desktop\Lab4withLab3Lib\Library\libLab3.a(PIT.o)
                0x000017a4                PIT_ISR
 .text.RTC_Init
                0x000017e4       0xd0 C:\Users\11986282\Desktop\Lab4withLab3Lib\Library\libLab3.a(RTC.o)
                0x000017e4                RTC_Init
 .text.RTC_Set  0x000018b4       0x5c C:\Users\11986282\Desktop\Lab4withLab3Lib\Library\libLab3.a(RTC.o)
                0x000018b4                RTC_Set
 .text.RTC_Get  0x00001910       0xa0 C:\Users\11986282\Desktop\Lab4withLab3Lib\Library\libLab3.a(RTC.o)
                0x00001910                RTC_Get
 .text.RTC_ISR  0x000019b0       0x34 C:\Users\11986282\Desktop\Lab4withLab3Lib\Library\libLab3.a(RTC.o)
                0x000019b0                RTC_ISR
 .text.UART_Init
                0x000019e4      0x324 C:\Users\11986282\Desktop\Lab4withLab3Lib\Library\libLab3.a(UART.o)
                0x000019e4                UART_Init
 .text.UART_InChar
                0x00001d08       0x20 C:\Users\11986282\Desktop\Lab4withLab3Lib\Library\libLab3.a(UART.o)
                0x00001d08                UART_InChar
 .text.UART_OutChar
                0x00001d28       0x88 C:\Users\11986282\Desktop\Lab4withLab3Lib\Library\libLab3.a(UART.o)
                0x00001d28                UART_OutChar
 .text.UART_ISR
                0x00001db0       0x90 C:\Users\11986282\Desktop\Lab4withLab3Lib\Library\libLab3.a(UART.o)
                0x00001db0                UART_ISR
 .text.Packet_Init
                0x00001e40       0x20 C:\Users\11986282\Desktop\Lab4withLab3Lib\Library\libLab3.a(packet.o)
                0x00001e40                Packet_Init
 .text.CalcChecksum
                0x00001e60       0x30 C:\Users\11986282\Desktop\Lab4withLab3Lib\Library\libLab3.a(packet.o)
 .text.Packet_Get
                0x00001e90       0x90 C:\Users\11986282\Desktop\Lab4withLab3Lib\Library\libLab3.a(packet.o)
                0x00001e90                Packet_Get
 .text.Packet_Put
                0x00001f20       0x90 C:\Users\11986282\Desktop\Lab4withLab3Lib\Library\libLab3.a(packet.o)
                0x00001f20                Packet_Put
 .text.FIFO_Init
                0x00001fb0       0x6c C:\Users\11986282\Desktop\Lab4withLab3Lib\Library\libLab3.a(FIFO.o)
                0x00001fb0                FIFO_Init
 .text.FIFO_Put
                0x0000201c       0xa8 C:\Users\11986282\Desktop\Lab4withLab3Lib\Library\libLab3.a(FIFO.o)
                0x0000201c                FIFO_Put
 .text.FIFO_Get
                0x000020c4       0xa8 C:\Users\11986282\Desktop\Lab4withLab3Lib\Library\libLab3.a(FIFO.o)
                0x000020c4                FIFO_Get
 .text.exit     0x0000216c       0x28 c:/freescale/kds_3.0.0/toolchain/bin/../lib/gcc/arm-none-eabi/4.8.4/../../../../arm-none-eabi/lib/armv7e-m/fpu\libg_s.a(lib_a-exit.o)
                0x0000216c                exit
 .text.__libc_init_array
                0x00002194       0x4c c:/freescale/kds_3.0.0/toolchain/bin/../lib/gcc/arm-none-eabi/4.8.4/../../../../arm-none-eabi/lib/armv7e-m/fpu\libg_s.a(lib_a-init.o)
                0x00002194                __libc_init_array
 .text.memset   0x000021e0       0x10 c:/freescale/kds_3.0.0/toolchain/bin/../lib/gcc/arm-none-eabi/4.8.4/../../../../arm-none-eabi/lib/armv7e-m/fpu\libg_s.a(lib_a-memset.o)
                0x000021e0                memset
 .text._exit    0x000021f0        0x4 c:/freescale/kds_3.0.0/toolchain/bin/../lib/gcc/arm-none-eabi/4.8.4/../../../../arm-none-eabi/lib/armv7e-m/fpu\libnosys.a(_exit.o)
                0x000021f0                _exit
 *(.rodata)
 *(.rodata*)
 .rodata.str1.1
                0x000021f4        0x2 c:/freescale/kds_3.0.0/toolchain/bin/../lib/gcc/arm-none-eabi/4.8.4/../../../../arm-none-eabi/lib/armv7e-m/fpu\libg_s.a(lib_a-impure.o)
 *fill*         0x000021f6        0x2 
 .rodata._global_impure_ptr
                0x000021f8        0x4 c:/freescale/kds_3.0.0/toolchain/bin/../lib/gcc/arm-none-eabi/4.8.4/../../../../arm-none-eabi/lib/armv7e-m/fpu\libg_s.a(lib_a-impure.o)
                0x000021f8                _global_impure_ptr
 *(.glue_7)
 .glue_7        0x00000000        0x0 linker stubs
 *(.glue_7t)
 .glue_7t       0x00000000        0x0 linker stubs
 *(.eh_frame)
 .eh_frame      0x000021fc        0x0 c:/freescale/kds_3.0.0/toolchain/bin/../lib/gcc/arm-none-eabi/4.8.4/armv7e-m/fpu/crtbegin.o
 *(.init)
 .init          0x000021fc        0x4 c:/freescale/kds_3.0.0/toolchain/bin/../lib/gcc/arm-none-eabi/4.8.4/armv7e-m/fpu/crti.o
                0x000021fc                _init
 .init          0x00002200        0x8 c:/freescale/kds_3.0.0/toolchain/bin/../lib/gcc/arm-none-eabi/4.8.4/armv7e-m/fpu/crtn.o
 *(.fini)
 .fini          0x00002208        0x4 c:/freescale/kds_3.0.0/toolchain/bin/../lib/gcc/arm-none-eabi/4.8.4/armv7e-m/fpu/crti.o
                0x00002208                _fini
 .fini          0x0000220c        0x8 c:/freescale/kds_3.0.0/toolchain/bin/../lib/gcc/arm-none-eabi/4.8.4/armv7e-m/fpu/crtn.o
                0x00002214                . = ALIGN (0x4)
                0x00002214                _etext = .

.vfp11_veneer   0x00002214        0x0
 .vfp11_veneer  0x00000000        0x0 linker stubs

.v4_bx          0x00002214        0x0
 .v4_bx         0x00000000        0x0 linker stubs

.iplt           0x00002214        0x0
 .iplt          0x00000000        0x0 c:/freescale/kds_3.0.0/toolchain/bin/../lib/gcc/arm-none-eabi/4.8.4/armv7e-m/fpu/crtbegin.o

.ARM.extab
 *(.ARM.extab* .gnu.linkonce.armextab.*)

.ARM            0x00002214        0x8
                0x00002214                __exidx_start = .
 *(.ARM.exidx*)
 .ARM.exidx     0x00002214        0x8 c:/freescale/kds_3.0.0/toolchain/bin/../lib/gcc/arm-none-eabi/4.8.4/../../../../arm-none-eabi/lib/armv7e-m/fpu/crt0.o
                0x0000221c                __exidx_end = .

.rel.dyn        0x0000221c        0x0
 .rel.iplt      0x00000000        0x0 c:/freescale/kds_3.0.0/toolchain/bin/../lib/gcc/arm-none-eabi/4.8.4/armv7e-m/fpu/crtbegin.o

.ctors          0x0000221c        0x0
                0x0000221c                __CTOR_LIST__ = .
 *crtbegin.o(.ctors)
 *(EXCLUDE_FILE(*crtend.o) .ctors)
 *(SORT(.ctors.*))
 *(.ctors)
                0x0000221c                __CTOR_END__ = .

.dtors          0x0000221c        0x0
                0x0000221c                __DTOR_LIST__ = .
 *crtbegin.o(.dtors)
 *(EXCLUDE_FILE(*crtend.o) .dtors)
 *(SORT(.dtors.*))
 *(.dtors)
                0x0000221c                __DTOR_END__ = .

.preinit_array  0x0000221c        0x0
                0x0000221c                PROVIDE (__preinit_array_start, .)
 *(.preinit_array*)
                0x0000221c                PROVIDE (__preinit_array_end, .)

.init_array     0x0000221c        0x4
                0x0000221c                PROVIDE (__init_array_start, .)
 *(SORT(.init_array.*))
 *(.init_array*)
 .init_array    0x0000221c        0x4 c:/freescale/kds_3.0.0/toolchain/bin/../lib/gcc/arm-none-eabi/4.8.4/armv7e-m/fpu/crtbegin.o
                0x00002220                PROVIDE (__init_array_end, .)

.fini_array     0x00002220        0x4
                0x00002220                PROVIDE (__fini_array_start, .)
 *(SORT(.fini_array.*))
 *(.fini_array*)
 .fini_array    0x00002220        0x4 c:/freescale/kds_3.0.0/toolchain/bin/../lib/gcc/arm-none-eabi/4.8.4/armv7e-m/fpu/crtbegin.o
                0x00002224                PROVIDE (__fini_array_end, .)
                0x00002224                ___ROM_AT = .

.data           0x1fff0000       0x64 load address 0x00002224
                0x1fff0000                . = ALIGN (0x4)
                0x1fff0000                _sdata = .
 *(.data)
 *(.data*)
 .data.freeList.5646
                0x1fff0000        0x1 C:\Users\11986282\Desktop\Lab4withLab3Lib\Library\libLab3.a(Flash.o)
 *fill*         0x1fff0001        0x3 
 .data.impure_data
                0x1fff0004       0x60 c:/freescale/kds_3.0.0/toolchain/bin/../lib/gcc/arm-none-eabi/4.8.4/../../../../arm-none-eabi/lib/armv7e-m/fpu\libg_s.a(lib_a-impure.o)
                0x1fff0064                . = ALIGN (0x4)
                0x1fff0064                _edata = .
                0x00000064                ___data_size = (_edata - _sdata)
                0x00002288                ___m_data_20000000_ROMStart = (___ROM_AT + SIZEOF (.data))

.jcr            0x1fff0064        0x0 load address 0x00002288
 .jcr           0x1fff0064        0x0 c:/freescale/kds_3.0.0/toolchain/bin/../lib/gcc/arm-none-eabi/4.8.4/armv7e-m/fpu/crtbegin.o

.igot.plt       0x1fff0064        0x0 load address 0x00002288
 .igot.plt      0x00000000        0x0 c:/freescale/kds_3.0.0/toolchain/bin/../lib/gcc/arm-none-eabi/4.8.4/armv7e-m/fpu/crtbegin.o

.m_data_20000000
                0x20000000        0x0 load address 0x00002288
                0x20000000                . = ALIGN (0x4)
                0x20000000                ___m_data_20000000_RAMStart = .
 *(.m_data_20000000)
                0x20000000                ___m_data_20000000_RAMEnd = .
                0x20000000                . = ALIGN (0x4)
                0x00000000                ___m_data_20000000_ROMSize = (___m_data_20000000_RAMEnd - ___m_data_20000000_RAMStart)
                0x20000000                . = ALIGN (0x4)

.bss            0x1fff0064      0x2b4 load address 0x00002288
                0x1fff0064                __START_BSS = .
                0x1fff0064                PROVIDE (__bss_start__, __START_BSS)
 *(.bss)
 .bss           0x1fff0064       0x1c c:/freescale/kds_3.0.0/toolchain/bin/../lib/gcc/arm-none-eabi/4.8.4/armv7e-m/fpu/crtbegin.o
 *(.bss*)
 .bss.NvTowerNb
                0x1fff0080        0x4 ./Sources/main.o
 .bss.NvTowerMd
                0x1fff0084        0x4 ./Sources/main.o
 .bss.aFTMChannel
                0x1fff0088       0x10 ./Sources/main.o
 .bss.SR_lock   0x1fff0098        0x1 ./Generated_Code/Cpu.o
                0x1fff0098                SR_lock
 *fill*         0x1fff0099        0x3 
 .bss.UserFunction
                0x1fff009c       0x20 C:\Users\11986282\Desktop\Lab4withLab3Lib\Library\libLab3.a(FTM.o)
 .bss.UserArguments
                0x1fff00bc       0x20 C:\Users\11986282\Desktop\Lab4withLab3Lib\Library\libLab3.a(FTM.o)
 .bss.FlashCommonCommandObject
                0x1fff00dc        0xc C:\Users\11986282\Desktop\Lab4withLab3Lib\Library\libLab3.a(Flash.o)
 .bss.NanoSecondsPerTick
                0x1fff00e8        0x4 C:\Users\11986282\Desktop\Lab4withLab3Lib\Library\libLab3.a(PIT.o)
 .bss.UserFunction
                0x1fff00ec        0x4 C:\Users\11986282\Desktop\Lab4withLab3Lib\Library\libLab3.a(PIT.o)
 .bss.UserArguments
                0x1fff00f0        0x4 C:\Users\11986282\Desktop\Lab4withLab3Lib\Library\libLab3.a(PIT.o)
 .bss.UserFunction
                0x1fff00f4        0x4 C:\Users\11986282\Desktop\Lab4withLab3Lib\Library\libLab3.a(RTC.o)
 .bss.UserArguments
                0x1fff00f8        0x4 C:\Users\11986282\Desktop\Lab4withLab3Lib\Library\libLab3.a(RTC.o)
 .bss.TxFIFO    0x1fff00fc      0x108 C:\Users\11986282\Desktop\Lab4withLab3Lib\Library\libLab3.a(UART.o)
 .bss.RxFIFO    0x1fff0204      0x108 C:\Users\11986282\Desktop\Lab4withLab3Lib\Library\libLab3.a(UART.o)
 .bss.nbBytesInPacket.4074
                0x1fff030c        0x1 C:\Users\11986282\Desktop\Lab4withLab3Lib\Library\libLab3.a(packet.o)
 *(COMMON)
 COMMON         0x1fff030d        0x1 ./Generated_Code/Cpu.o
                0x1fff030d                SR_reg
 *fill*         0x1fff030e        0x2 
 COMMON         0x1fff0310        0x5 C:\Users\11986282\Desktop\Lab4withLab3Lib\Library\libLab3.a(packet.o)
                0x1fff0310                Packet
                0x1fff0318                . = ALIGN (0x4)
 *fill*         0x1fff0315        0x3 
                0x1fff0318                __END_BSS = .
                0x1fff0318                PROVIDE (__bss_end__, __END_BSS)
                0x00002288                _romp_at = ((___ROM_AT + SIZEOF (.data)) + SIZEOF (.m_data_20000000))

.romp           0x1fff0318       0x24 load address 0x00002288
                0x00002288                __S_romp = _romp_at
                0x1fff0318        0x4 LONG 0x2224 ___ROM_AT
                0x1fff031c        0x4 LONG 0x1fff0000 _sdata
                0x1fff0320        0x4 LONG 0x64 ___data_size
                0x1fff0324        0x4 LONG 0x2288 ___m_data_20000000_ROMStart
                0x1fff0328        0x4 LONG 0x20000000 ___m_data_20000000_RAMStart
                0x1fff032c        0x4 LONG 0x0 ___m_data_20000000_ROMSize
                0x1fff0330        0x4 LONG 0x0
                0x1fff0334        0x4 LONG 0x0
                0x1fff0338        0x4 LONG 0x0

._user_heap_stack
                0x1fff033c      0x400 load address 0x000022ac
                0x1fff033c                . = ALIGN (0x4)
                0x1fff033c                PROVIDE (end, .)
                0x1fff033c                PROVIDE (_end, .)
                0x1fff033c                __heap_addr = .
                0x1fff033c                __HeapBase = .
                0x1fff033c                . = (. + __heap_size)
                0x1fff033c                __HeapLimit = .
                0x1fff073c                . = (. + __stack_size)
 *fill*         0x1fff033c      0x400 
                0x1fff073c                . = ALIGN (0x4)

.ARM.attributes
                0x00000000       0x30
 *(.ARM.attributes)
 .ARM.attributes
                0x00000000       0x22 c:/freescale/kds_3.0.0/toolchain/bin/../lib/gcc/arm-none-eabi/4.8.4/armv7e-m/fpu/crti.o
 .ARM.attributes
                0x00000022       0x34 c:/freescale/kds_3.0.0/toolchain/bin/../lib/gcc/arm-none-eabi/4.8.4/armv7e-m/fpu/crtbegin.o
 .ARM.attributes
                0x00000056       0x20 c:/freescale/kds_3.0.0/toolchain/bin/../lib/gcc/arm-none-eabi/4.8.4/../../../../arm-none-eabi/lib/armv7e-m/fpu/crt0.o
 .ARM.attributes
                0x00000076       0x39 ./Sources/main.o
 .ARM.attributes
                0x000000af       0x39 ./Project_Settings/Startup_Code/startup.o
 .ARM.attributes
                0x000000e8       0x39 ./Generated_Code/Cpu.o
 .ARM.attributes
                0x00000121       0x39 ./Generated_Code/Vectors.o
 .ARM.attributes
                0x0000015a       0x39 C:\Users\11986282\Desktop\Lab4withLab3Lib\Library\libLab3.a(FTM.o)
 .ARM.attributes
                0x00000193       0x39 C:\Users\11986282\Desktop\Lab4withLab3Lib\Library\libLab3.a(Flash.o)
 .ARM.attributes
                0x000001cc       0x39 C:\Users\11986282\Desktop\Lab4withLab3Lib\Library\libLab3.a(LEDs.o)
 .ARM.attributes
                0x00000205       0x39 C:\Users\11986282\Desktop\Lab4withLab3Lib\Library\libLab3.a(PIT.o)
 .ARM.attributes
                0x0000023e       0x39 C:\Users\11986282\Desktop\Lab4withLab3Lib\Library\libLab3.a(RTC.o)
 .ARM.attributes
                0x00000277       0x39 C:\Users\11986282\Desktop\Lab4withLab3Lib\Library\libLab3.a(UART.o)
 .ARM.attributes
                0x000002b0       0x39 C:\Users\11986282\Desktop\Lab4withLab3Lib\Library\libLab3.a(packet.o)
 .ARM.attributes
                0x000002e9       0x39 C:\Users\11986282\Desktop\Lab4withLab3Lib\Library\libLab3.a(FIFO.o)
 .ARM.attributes
                0x00000322       0x34 c:/freescale/kds_3.0.0/toolchain/bin/../lib/gcc/arm-none-eabi/4.8.4/../../../../arm-none-eabi/lib/armv7e-m/fpu\libg_s.a(lib_a-exit.o)
 .ARM.attributes
                0x00000356       0x34 c:/freescale/kds_3.0.0/toolchain/bin/../lib/gcc/arm-none-eabi/4.8.4/../../../../arm-none-eabi/lib/armv7e-m/fpu\libg_s.a(lib_a-impure.o)
 .ARM.attributes
                0x0000038a       0x34 c:/freescale/kds_3.0.0/toolchain/bin/../lib/gcc/arm-none-eabi/4.8.4/../../../../arm-none-eabi/lib/armv7e-m/fpu\libg_s.a(lib_a-init.o)
 .ARM.attributes
                0x000003be       0x34 c:/freescale/kds_3.0.0/toolchain/bin/../lib/gcc/arm-none-eabi/4.8.4/../../../../arm-none-eabi/lib/armv7e-m/fpu\libg_s.a(lib_a-memset.o)
 .ARM.attributes
                0x000003f2       0x34 c:/freescale/kds_3.0.0/toolchain/bin/../lib/gcc/arm-none-eabi/4.8.4/../../../../arm-none-eabi/lib/armv7e-m/fpu\libnosys.a(_exit.o)
 .ARM.attributes
                0x00000426       0x22 c:/freescale/kds_3.0.0/toolchain/bin/../lib/gcc/arm-none-eabi/4.8.4/armv7e-m/fpu/crtn.o
OUTPUT(Lab4.elf elf32-littlearm)

.debug_info     0x00000000     0x46b3
 .debug_info    0x00000000      0x611 ./Sources/main.o
 .debug_info    0x00000611      0x3b0 ./Project_Settings/Startup_Code/startup.o
 .debug_info    0x000009c1      0xc82 ./Generated_Code/Cpu.o
 .debug_info    0x00001643      0x10f ./Generated_Code/Vectors.o
 .debug_info    0x00001752      0x761 C:\Users\11986282\Desktop\Lab4withLab3Lib\Library\libLab3.a(FTM.o)
 .debug_info    0x00001eb3      0x8d3 C:\Users\11986282\Desktop\Lab4withLab3Lib\Library\libLab3.a(Flash.o)
 .debug_info    0x00002786      0x4a3 C:\Users\11986282\Desktop\Lab4withLab3Lib\Library\libLab3.a(LEDs.o)
 .debug_info    0x00002c29      0x57a C:\Users\11986282\Desktop\Lab4withLab3Lib\Library\libLab3.a(PIT.o)
 .debug_info    0x000031a3      0x608 C:\Users\11986282\Desktop\Lab4withLab3Lib\Library\libLab3.a(RTC.o)
 .debug_info    0x000037ab      0x999 C:\Users\11986282\Desktop\Lab4withLab3Lib\Library\libLab3.a(UART.o)
 .debug_info    0x00004144      0x333 C:\Users\11986282\Desktop\Lab4withLab3Lib\Library\libLab3.a(packet.o)
 .debug_info    0x00004477      0x23c C:\Users\11986282\Desktop\Lab4withLab3Lib\Library\libLab3.a(FIFO.o)

.debug_abbrev   0x00000000     0x10e6
 .debug_abbrev  0x00000000      0x1e2 ./Sources/main.o
 .debug_abbrev  0x000001e2      0x189 ./Project_Settings/Startup_Code/startup.o
 .debug_abbrev  0x0000036b      0x185 ./Generated_Code/Cpu.o
 .debug_abbrev  0x000004f0       0xa4 ./Generated_Code/Vectors.o
 .debug_abbrev  0x00000594      0x1b1 C:\Users\11986282\Desktop\Lab4withLab3Lib\Library\libLab3.a(FTM.o)
 .debug_abbrev  0x00000745      0x1fb C:\Users\11986282\Desktop\Lab4withLab3Lib\Library\libLab3.a(Flash.o)
 .debug_abbrev  0x00000940      0x155 C:\Users\11986282\Desktop\Lab4withLab3Lib\Library\libLab3.a(LEDs.o)
 .debug_abbrev  0x00000a95      0x154 C:\Users\11986282\Desktop\Lab4withLab3Lib\Library\libLab3.a(PIT.o)
 .debug_abbrev  0x00000be9      0x15f C:\Users\11986282\Desktop\Lab4withLab3Lib\Library\libLab3.a(RTC.o)
 .debug_abbrev  0x00000d48      0x1b4 C:\Users\11986282\Desktop\Lab4withLab3Lib\Library\libLab3.a(UART.o)
 .debug_abbrev  0x00000efc       0xee C:\Users\11986282\Desktop\Lab4withLab3Lib\Library\libLab3.a(packet.o)
 .debug_abbrev  0x00000fea       0xfc C:\Users\11986282\Desktop\Lab4withLab3Lib\Library\libLab3.a(FIFO.o)

.debug_aranges  0x00000000      0x310
 .debug_aranges
                0x00000000       0x80 ./Sources/main.o
 .debug_aranges
                0x00000080       0x50 ./Project_Settings/Startup_Code/startup.o
 .debug_aranges
                0x000000d0       0x38 ./Generated_Code/Cpu.o
 .debug_aranges
                0x00000108       0x18 ./Generated_Code/Vectors.o
 .debug_aranges
                0x00000120       0x38 C:\Users\11986282\Desktop\Lab4withLab3Lib\Library\libLab3.a(FTM.o)
 .debug_aranges
                0x00000158       0x68 C:\Users\11986282\Desktop\Lab4withLab3Lib\Library\libLab3.a(Flash.o)
 .debug_aranges
                0x000001c0       0x38 C:\Users\11986282\Desktop\Lab4withLab3Lib\Library\libLab3.a(LEDs.o)
 .debug_aranges
                0x000001f8       0x38 C:\Users\11986282\Desktop\Lab4withLab3Lib\Library\libLab3.a(PIT.o)
 .debug_aranges
                0x00000230       0x38 C:\Users\11986282\Desktop\Lab4withLab3Lib\Library\libLab3.a(RTC.o)
 .debug_aranges
                0x00000268       0x40 C:\Users\11986282\Desktop\Lab4withLab3Lib\Library\libLab3.a(UART.o)
 .debug_aranges
                0x000002a8       0x38 C:\Users\11986282\Desktop\Lab4withLab3Lib\Library\libLab3.a(packet.o)
 .debug_aranges
                0x000002e0       0x30 C:\Users\11986282\Desktop\Lab4withLab3Lib\Library\libLab3.a(FIFO.o)

.debug_ranges   0x00000000      0x248
 .debug_ranges  0x00000000       0x70 ./Sources/main.o
 .debug_ranges  0x00000070       0x40 ./Project_Settings/Startup_Code/startup.o
 .debug_ranges  0x000000b0       0x28 ./Generated_Code/Cpu.o
 .debug_ranges  0x000000d8       0x28 C:\Users\11986282\Desktop\Lab4withLab3Lib\Library\libLab3.a(FTM.o)
 .debug_ranges  0x00000100       0x58 C:\Users\11986282\Desktop\Lab4withLab3Lib\Library\libLab3.a(Flash.o)
 .debug_ranges  0x00000158       0x28 C:\Users\11986282\Desktop\Lab4withLab3Lib\Library\libLab3.a(LEDs.o)
 .debug_ranges  0x00000180       0x28 C:\Users\11986282\Desktop\Lab4withLab3Lib\Library\libLab3.a(PIT.o)
 .debug_ranges  0x000001a8       0x28 C:\Users\11986282\Desktop\Lab4withLab3Lib\Library\libLab3.a(RTC.o)
 .debug_ranges  0x000001d0       0x30 C:\Users\11986282\Desktop\Lab4withLab3Lib\Library\libLab3.a(UART.o)
 .debug_ranges  0x00000200       0x28 C:\Users\11986282\Desktop\Lab4withLab3Lib\Library\libLab3.a(packet.o)
 .debug_ranges  0x00000228       0x20 C:\Users\11986282\Desktop\Lab4withLab3Lib\Library\libLab3.a(FIFO.o)

.debug_macro    0x00000000    0x332ff
 .debug_macro   0x00000000      0x140 ./Sources/main.o
 .debug_macro   0x00000140       0x16 ./Sources/main.o
 .debug_macro   0x00000156       0x44 ./Sources/main.o
 .debug_macro   0x0000019a      0x209 ./Sources/main.o
 .debug_macro   0x000003a3     0x1816 ./Sources/main.o
 .debug_macro   0x00001bb9      0x14e ./Sources/main.o
 .debug_macro   0x00001d07       0x64 ./Sources/main.o
 .debug_macro   0x00001d6b    0x174c1 ./Sources/main.o
 .debug_macro   0x0001922c       0x9a ./Sources/main.o
 .debug_macro   0x000192c6       0x22 ./Sources/main.o
 .debug_macro   0x000192e8       0x3a ./Sources/main.o
 .debug_macro   0x00019322       0x2e ./Sources/main.o
 .debug_macro   0x00019350      0x121 ./Project_Settings/Startup_Code/startup.o
 .debug_macro   0x00019471       0x58 ./Project_Settings/Startup_Code/startup.o
 .debug_macro   0x000194c9       0x35 ./Project_Settings/Startup_Code/startup.o
 .debug_macro   0x000194fe       0xa3 ./Project_Settings/Startup_Code/startup.o
 .debug_macro   0x000195a1      0x166 ./Project_Settings/Startup_Code/startup.o
 .debug_macro   0x00019707       0x4a ./Project_Settings/Startup_Code/startup.o
 .debug_macro   0x00019751       0x52 ./Project_Settings/Startup_Code/startup.o
 .debug_macro   0x000197a3       0x16 ./Project_Settings/Startup_Code/startup.o
 .debug_macro   0x000197b9       0x43 ./Project_Settings/Startup_Code/startup.o
 .debug_macro   0x000197fc      0x180 ./Project_Settings/Startup_Code/startup.o
 .debug_macro   0x0001997c      0x2a6 ./Project_Settings/Startup_Code/startup.o
 .debug_macro   0x00019c22       0x10 ./Project_Settings/Startup_Code/startup.o
 .debug_macro   0x00019c32       0x35 ./Project_Settings/Startup_Code/startup.o
 .debug_macro   0x00019c67       0x16 ./Project_Settings/Startup_Code/startup.o
 .debug_macro   0x00019c7d       0x22 ./Project_Settings/Startup_Code/startup.o
 .debug_macro   0x00019c9f       0x16 ./Project_Settings/Startup_Code/startup.o
 .debug_macro   0x00019cb5      0x20f ./Project_Settings/Startup_Code/startup.o
 .debug_macro   0x00019ec4    0x174af ./Project_Settings/Startup_Code/startup.o
 .debug_macro   0x00031373       0x84 ./Generated_Code/Cpu.o
 .debug_macro   0x000313f7       0xa0 ./Generated_Code/Cpu.o
 .debug_macro   0x00031497       0xc0 ./Generated_Code/Vectors.o
 .debug_macro   0x00031557       0xbf C:\Users\11986282\Desktop\Lab4withLab3Lib\Library\libLab3.a(FTM.o)
 .debug_macro   0x00031616     0x1800 C:\Users\11986282\Desktop\Lab4withLab3Lib\Library\libLab3.a(FTM.o)
 .debug_macro   0x00032e16       0xaa C:\Users\11986282\Desktop\Lab4withLab3Lib\Library\libLab3.a(Flash.o)
 .debug_macro   0x00032ec0       0x28 C:\Users\11986282\Desktop\Lab4withLab3Lib\Library\libLab3.a(Flash.o)
 .debug_macro   0x00032ee8       0x68 C:\Users\11986282\Desktop\Lab4withLab3Lib\Library\libLab3.a(LEDs.o)
 .debug_macro   0x00032f50       0x72 C:\Users\11986282\Desktop\Lab4withLab3Lib\Library\libLab3.a(PIT.o)
 .debug_macro   0x00032fc2       0xa4 C:\Users\11986282\Desktop\Lab4withLab3Lib\Library\libLab3.a(RTC.o)
 .debug_macro   0x00033066       0x94 C:\Users\11986282\Desktop\Lab4withLab3Lib\Library\libLab3.a(RTC.o)
 .debug_macro   0x000330fa       0xad C:\Users\11986282\Desktop\Lab4withLab3Lib\Library\libLab3.a(UART.o)
 .debug_macro   0x000331a7       0x10 C:\Users\11986282\Desktop\Lab4withLab3Lib\Library\libLab3.a(UART.o)
 .debug_macro   0x000331b7       0x6e C:\Users\11986282\Desktop\Lab4withLab3Lib\Library\libLab3.a(packet.o)
 .debug_macro   0x00033225       0x34 C:\Users\11986282\Desktop\Lab4withLab3Lib\Library\libLab3.a(packet.o)
 .debug_macro   0x00033259       0xa6 C:\Users\11986282\Desktop\Lab4withLab3Lib\Library\libLab3.a(FIFO.o)

.debug_line     0x00000000     0x1f2e
 .debug_line    0x00000000      0x462 ./Sources/main.o
 .debug_line    0x00000462      0x3d4 ./Project_Settings/Startup_Code/startup.o
 .debug_line    0x00000836      0x27b ./Generated_Code/Cpu.o
 .debug_line    0x00000ab1      0x264 ./Generated_Code/Vectors.o
 .debug_line    0x00000d15      0x222 C:\Users\11986282\Desktop\Lab4withLab3Lib\Library\libLab3.a(FTM.o)
 .debug_line    0x00000f37      0x2c7 C:\Users\11986282\Desktop\Lab4withLab3Lib\Library\libLab3.a(Flash.o)
 .debug_line    0x000011fe      0x1e7 C:\Users\11986282\Desktop\Lab4withLab3Lib\Library\libLab3.a(LEDs.o)
 .debug_line    0x000013e5      0x1fd C:\Users\11986282\Desktop\Lab4withLab3Lib\Library\libLab3.a(PIT.o)
 .debug_line    0x000015e2      0x25d C:\Users\11986282\Desktop\Lab4withLab3Lib\Library\libLab3.a(RTC.o)
 .debug_line    0x0000183f      0x299 C:\Users\11986282\Desktop\Lab4withLab3Lib\Library\libLab3.a(UART.o)
 .debug_line    0x00001ad8      0x1f6 C:\Users\11986282\Desktop\Lab4withLab3Lib\Library\libLab3.a(packet.o)
 .debug_line    0x00001cce      0x260 C:\Users\11986282\Desktop\Lab4withLab3Lib\Library\libLab3.a(FIFO.o)

.debug_str      0x00000000    0x8dfa7
 .debug_str     0x00000000    0x8ac81 ./Sources/main.o
                              0x8ae5e (size before relaxing)
 .debug_str     0x0008ac81     0x2689 ./Project_Settings/Startup_Code/startup.o
                              0x853f0 (size before relaxing)
 .debug_str     0x0008d30a      0x35d ./Generated_Code/Cpu.o
                              0x8aa9c (size before relaxing)
 .debug_str     0x0008d667       0x1c ./Generated_Code/Vectors.o
                              0x8a728 (size before relaxing)
 .debug_str     0x0008d683      0x239 C:\Users\11986282\Desktop\Lab4withLab3Lib\Library\libLab3.a(FTM.o)
                              0x8a2a8 (size before relaxing)
 .debug_str     0x0008d8bc      0x34c C:\Users\11986282\Desktop\Lab4withLab3Lib\Library\libLab3.a(Flash.o)
                              0x835e7 (size before relaxing)
 .debug_str     0x0008dc08       0x82 C:\Users\11986282\Desktop\Lab4withLab3Lib\Library\libLab3.a(LEDs.o)
                              0x82f0f (size before relaxing)
 .debug_str     0x0008dc8a       0x99 C:\Users\11986282\Desktop\Lab4withLab3Lib\Library\libLab3.a(PIT.o)
                              0x82f5f (size before relaxing)
 .debug_str     0x0008dd23       0x69 C:\Users\11986282\Desktop\Lab4withLab3Lib\Library\libLab3.a(RTC.o)
                              0x8a848 (size before relaxing)
 .debug_str     0x0008dd8c      0x176 C:\Users\11986282\Desktop\Lab4withLab3Lib\Library\libLab3.a(UART.o)
                              0x8a9c4 (size before relaxing)
 .debug_str     0x0008df02       0x77 C:\Users\11986282\Desktop\Lab4withLab3Lib\Library\libLab3.a(packet.o)
                               0x32bc (size before relaxing)
 .debug_str     0x0008df79       0x2e C:\Users\11986282\Desktop\Lab4withLab3Lib\Library\libLab3.a(FIFO.o)
                              0x8a6ef (size before relaxing)

.comment        0x00000000       0x70
 .comment       0x00000000       0x70 ./Sources/main.o
                                 0x71 (size before relaxing)
 .comment       0x00000000       0x71 ./Project_Settings/Startup_Code/startup.o
 .comment       0x00000000       0x71 ./Generated_Code/Cpu.o
 .comment       0x00000000       0x71 ./Generated_Code/Vectors.o
 .comment       0x00000000       0x71 C:\Users\11986282\Desktop\Lab4withLab3Lib\Library\libLab3.a(FTM.o)
 .comment       0x00000000       0x71 C:\Users\11986282\Desktop\Lab4withLab3Lib\Library\libLab3.a(Flash.o)
 .comment       0x00000000       0x71 C:\Users\11986282\Desktop\Lab4withLab3Lib\Library\libLab3.a(LEDs.o)
 .comment       0x00000000       0x71 C:\Users\11986282\Desktop\Lab4withLab3Lib\Library\libLab3.a(PIT.o)
 .comment       0x00000000       0x71 C:\Users\11986282\Desktop\Lab4withLab3Lib\Library\libLab3.a(RTC.o)
 .comment       0x00000000       0x71 C:\Users\11986282\Desktop\Lab4withLab3Lib\Library\libLab3.a(UART.o)
 .comment       0x00000000       0x71 C:\Users\11986282\Desktop\Lab4withLab3Lib\Library\libLab3.a(packet.o)
 .comment       0x00000000       0x71 C:\Users\11986282\Desktop\Lab4withLab3Lib\Library\libLab3.a(FIFO.o)

.debug_frame    0x00000000      0x864
 .debug_frame   0x00000000      0x19c ./Sources/main.o
 .debug_frame   0x0000019c       0xc0 ./Project_Settings/Startup_Code/startup.o
 .debug_frame   0x0000025c       0x80 ./Generated_Code/Cpu.o
 .debug_frame   0x000002dc       0x84 C:\Users\11986282\Desktop\Lab4withLab3Lib\Library\libLab3.a(FTM.o)
 .debug_frame   0x00000360      0x140 C:\Users\11986282\Desktop\Lab4withLab3Lib\Library\libLab3.a(Flash.o)
 .debug_frame   0x000004a0       0x80 C:\Users\11986282\Desktop\Lab4withLab3Lib\Library\libLab3.a(LEDs.o)
 .debug_frame   0x00000520       0x88 C:\Users\11986282\Desktop\Lab4withLab3Lib\Library\libLab3.a(PIT.o)
 .debug_frame   0x000005a8       0x88 C:\Users\11986282\Desktop\Lab4withLab3Lib\Library\libLab3.a(RTC.o)
 .debug_frame   0x00000630       0xb0 C:\Users\11986282\Desktop\Lab4withLab3Lib\Library\libLab3.a(UART.o)
 .debug_frame   0x000006e0       0x8c C:\Users\11986282\Desktop\Lab4withLab3Lib\Library\libLab3.a(packet.o)
 .debug_frame   0x0000076c       0x64 C:\Users\11986282\Desktop\Lab4withLab3Lib\Library\libLab3.a(FIFO.o)
 .debug_frame   0x000007d0       0x28 c:/freescale/kds_3.0.0/toolchain/bin/../lib/gcc/arm-none-eabi/4.8.4/../../../../arm-none-eabi/lib/armv7e-m/fpu\libg_s.a(lib_a-exit.o)
 .debug_frame   0x000007f8       0x2c c:/freescale/kds_3.0.0/toolchain/bin/../lib/gcc/arm-none-eabi/4.8.4/../../../../arm-none-eabi/lib/armv7e-m/fpu\libg_s.a(lib_a-init.o)
 .debug_frame   0x00000824       0x20 c:/freescale/kds_3.0.0/toolchain/bin/../lib/gcc/arm-none-eabi/4.8.4/../../../../arm-none-eabi/lib/armv7e-m/fpu\libg_s.a(lib_a-memset.o)
 .debug_frame   0x00000844       0x20 c:/freescale/kds_3.0.0/toolchain/bin/../lib/gcc/arm-none-eabi/4.8.4/../../../../arm-none-eabi/lib/armv7e-m/fpu\libnosys.a(_exit.o)
